Archive member included to satisfy reference by file (symbol)

C:/ST/STM32CubeIDE_1.16.0/STM32CubeIDE/plugins/com.st.stm32cube.ide.mcu.externaltools.gnu-tools-for-stm32.12.3.rel1.win32_1.0.200.202406191623/tools/bin/../lib/gcc/arm-none-eabi/12.3.1/../../../../arm-none-eabi/lib/thumb/v7e-m+dp/hard\libstdc++_nano.a(del_ops.o)
                              ./Core/Src/main_cpp.o (operator delete(void*, unsigned int))
C:/ST/STM32CubeIDE_1.16.0/STM32CubeIDE/plugins/com.st.stm32cube.ide.mcu.externaltools.gnu-tools-for-stm32.12.3.rel1.win32_1.0.200.202406191623/tools/bin/../lib/gcc/arm-none-eabi/12.3.1/../../../../arm-none-eabi/lib/thumb/v7e-m+dp/hard\libstdc++_nano.a(new_op.o)
                              ./Core/Src/main_cpp.o (operator new(unsigned int))
C:/ST/STM32CubeIDE_1.16.0/STM32CubeIDE/plugins/com.st.stm32cube.ide.mcu.externaltools.gnu-tools-for-stm32.12.3.rel1.win32_1.0.200.202406191623/tools/bin/../lib/gcc/arm-none-eabi/12.3.1/../../../../arm-none-eabi/lib/thumb/v7e-m+dp/hard\libstdc++_nano.a(functexcept.o)
                              ./Core/Src/main_cpp.o (std::__throw_bad_alloc())
C:/ST/STM32CubeIDE_1.16.0/STM32CubeIDE/plugins/com.st.stm32cube.ide.mcu.externaltools.gnu-tools-for-stm32.12.3.rel1.win32_1.0.200.202406191623/tools/bin/../lib/gcc/arm-none-eabi/12.3.1/../../../../arm-none-eabi/lib/thumb/v7e-m+dp/hard\libstdc++_nano.a(del_op.o)
                              C:/ST/STM32CubeIDE_1.16.0/STM32CubeIDE/plugins/com.st.stm32cube.ide.mcu.externaltools.gnu-tools-for-stm32.12.3.rel1.win32_1.0.200.202406191623/tools/bin/../lib/gcc/arm-none-eabi/12.3.1/../../../../arm-none-eabi/lib/thumb/v7e-m+dp/hard\libstdc++_nano.a(del_ops.o) (operator delete(void*))
C:/ST/STM32CubeIDE_1.16.0/STM32CubeIDE/plugins/com.st.stm32cube.ide.mcu.externaltools.gnu-tools-for-stm32.12.3.rel1.win32_1.0.200.202406191623/tools/bin/../lib/gcc/arm-none-eabi/12.3.1/../../../../arm-none-eabi/lib/thumb/v7e-m+dp/hard\libstdc++_nano.a(new_handler.o)
                              C:/ST/STM32CubeIDE_1.16.0/STM32CubeIDE/plugins/com.st.stm32cube.ide.mcu.externaltools.gnu-tools-for-stm32.12.3.rel1.win32_1.0.200.202406191623/tools/bin/../lib/gcc/arm-none-eabi/12.3.1/../../../../arm-none-eabi/lib/thumb/v7e-m+dp/hard\libstdc++_nano.a(new_op.o) (std::get_new_handler())
C:/ST/STM32CubeIDE_1.16.0/STM32CubeIDE/plugins/com.st.stm32cube.ide.mcu.externaltools.gnu-tools-for-stm32.12.3.rel1.win32_1.0.200.202406191623/tools/bin/../lib/gcc/arm-none-eabi/12.3.1/../../../../arm-none-eabi/lib/thumb/v7e-m+dp/hard\libm.a(libm_a-w_fmod.o)
                              ./Core/Src/sensors/AS5048A.o (fmod)
C:/ST/STM32CubeIDE_1.16.0/STM32CubeIDE/plugins/com.st.stm32cube.ide.mcu.externaltools.gnu-tools-for-stm32.12.3.rel1.win32_1.0.200.202406191623/tools/bin/../lib/gcc/arm-none-eabi/12.3.1/../../../../arm-none-eabi/lib/thumb/v7e-m+dp/hard\libm.a(libm_a-wf_fmod.o)
                              ./Core/Src/common/foc_utils.o (fmodf)
C:/ST/STM32CubeIDE_1.16.0/STM32CubeIDE/plugins/com.st.stm32cube.ide.mcu.externaltools.gnu-tools-for-stm32.12.3.rel1.win32_1.0.200.202406191623/tools/bin/../lib/gcc/arm-none-eabi/12.3.1/../../../../arm-none-eabi/lib/thumb/v7e-m+dp/hard\libm.a(libm_a-sinf.o)
                              ./Core/Src/motors/StepperMotor.o (sinf)
C:/ST/STM32CubeIDE_1.16.0/STM32CubeIDE/plugins/com.st.stm32cube.ide.mcu.externaltools.gnu-tools-for-stm32.12.3.rel1.win32_1.0.200.202406191623/tools/bin/../lib/gcc/arm-none-eabi/12.3.1/../../../../arm-none-eabi/lib/thumb/v7e-m+dp/hard\libm.a(libm_a-cosf.o)
                              ./Core/Src/motors/StepperMotor.o (cosf)
C:/ST/STM32CubeIDE_1.16.0/STM32CubeIDE/plugins/com.st.stm32cube.ide.mcu.externaltools.gnu-tools-for-stm32.12.3.rel1.win32_1.0.200.202406191623/tools/bin/../lib/gcc/arm-none-eabi/12.3.1/../../../../arm-none-eabi/lib/thumb/v7e-m+dp/hard\libm.a(libm_a-sincosf_data.o)
                              C:/ST/STM32CubeIDE_1.16.0/STM32CubeIDE/plugins/com.st.stm32cube.ide.mcu.externaltools.gnu-tools-for-stm32.12.3.rel1.win32_1.0.200.202406191623/tools/bin/../lib/gcc/arm-none-eabi/12.3.1/../../../../arm-none-eabi/lib/thumb/v7e-m+dp/hard\libm.a(libm_a-sinf.o) (__inv_pio4)
C:/ST/STM32CubeIDE_1.16.0/STM32CubeIDE/plugins/com.st.stm32cube.ide.mcu.externaltools.gnu-tools-for-stm32.12.3.rel1.win32_1.0.200.202406191623/tools/bin/../lib/gcc/arm-none-eabi/12.3.1/../../../../arm-none-eabi/lib/thumb/v7e-m+dp/hard\libm.a(libm_a-math_errf.o)
                              C:/ST/STM32CubeIDE_1.16.0/STM32CubeIDE/plugins/com.st.stm32cube.ide.mcu.externaltools.gnu-tools-for-stm32.12.3.rel1.win32_1.0.200.202406191623/tools/bin/../lib/gcc/arm-none-eabi/12.3.1/../../../../arm-none-eabi/lib/thumb/v7e-m+dp/hard\libm.a(libm_a-sinf.o) (__math_invalidf)
C:/ST/STM32CubeIDE_1.16.0/STM32CubeIDE/plugins/com.st.stm32cube.ide.mcu.externaltools.gnu-tools-for-stm32.12.3.rel1.win32_1.0.200.202406191623/tools/bin/../lib/gcc/arm-none-eabi/12.3.1/../../../../arm-none-eabi/lib/thumb/v7e-m+dp/hard\libm.a(libm_a-e_fmod.o)
[...]
Memory Configuration

Name             Origin             Length             Attributes
RAM_D1           0x24000000         0x00080000         xrw
FLASH            0x08000000         0x00100000         xr
DTCMRAM          0x20000000         0x00020000         xrw
RAM_D2           0x30000000         0x00048000         xrw
RAM_D3           0x38000000         0x00010000         xrw
ITCMRAM          0x00000000         0x00010000         xrw
*default*        0x00000000         0xffffffff

Linker script and memory map

LOAD C:/ST/STM32CubeIDE_1.16.0/STM32CubeIDE/plugins/com.st.stm32cube.ide.mcu.externaltools.gnu-tools-for-stm32.12.3.rel1.win32_1.0.200.202406191623/tools/bin/../lib/gcc/arm-none-eabi/12.3.1/thumb/v7e-m+dp/hard/crti.o
LOAD C:/ST/STM32CubeIDE_1.16.0/STM32CubeIDE/plugins/com.st.stm32cube.ide.mcu.externaltools.gnu-tools-for-stm32.12.3.rel1.win32_1.0.200.202406191623/tools/bin/../lib/gcc/arm-none-eabi/12.3.1/thumb/v7e-m+dp/hard/crtbegin.o
LOAD C:/ST/STM32CubeIDE_1.16.0/STM32CubeIDE/plugins/com.st.stm32cube.ide.mcu.externaltools.gnu-tools-for-stm32.12.3.rel1.win32_1.0.200.202406191623/tools/bin/../lib/gcc/arm-none-eabi/12.3.1/../../../../arm-none-eabi/lib/thumb/v7e-m+dp/hard/crt0.o
LOAD ./Common/Src/system_stm32h7xx_dualcore_boot_cm4_cm7.o
LOAD ./Core/Src/common/base_classes/CurrentSense.o
LOAD ./Core/Src/common/foc_utils.o
LOAD ./Core/Src/common/lowpass_filter.o
LOAD ./Core/Src/common/pid.o
LOAD ./Core/Src/common/time_utils.o
LOAD ./Core/Src/main.o
LOAD ./Core/Src/main_cpp.o
LOAD ./Core/Src/stm32h7xx_hal_msp.o
LOAD ./Core/Src/stm32h7xx_it.o
LOAD ./Core/Src/syscalls.o
LOAD ./Core/Src/sysmem.o
LOAD ./Core/Src/motors/StepperMotor.o
LOAD ./Core/Src/sensors/AS5048A.o
LOAD ./Core/Startup/startup_stm32h755zitx.o
LOAD ./Drivers/STM32H7xx_HAL_Driver/stm32h7xx_hal.o
LOAD ./Drivers/STM32H7xx_HAL_Driver/stm32h7xx_hal_adc.o
LOAD ./Drivers/STM32H7xx_HAL_Driver/stm32h7xx_hal_adc_ex.o
LOAD ./Drivers/STM32H7xx_HAL_Driver/stm32h7xx_hal_cortex.o
LOAD ./Drivers/STM32H7xx_HAL_Driver/stm32h7xx_hal_dac.o
LOAD ./Drivers/STM32H7xx_HAL_Driver/stm32h7xx_hal_dac_ex.o
LOAD ./Drivers/STM32H7xx_HAL_Driver/stm32h7xx_hal_dma.o
LOAD ./Drivers/STM32H7xx_HAL_Driver/stm32h7xx_hal_dma_ex.o
LOAD ./Drivers/STM32H7xx_HAL_Driver/stm32h7xx_hal_exti.o
LOAD ./Drivers/STM32H7xx_HAL_Driver/stm32h7xx_hal_flash.o
LOAD ./Drivers/STM32H7xx_HAL_Driver/stm32h7xx_hal_flash_ex.o
LOAD ./Drivers/STM32H7xx_HAL_Driver/stm32h7xx_hal_gpio.o
LOAD ./Drivers/STM32H7xx_HAL_Driver/stm32h7xx_hal_hsem.o
LOAD ./Drivers/STM32H7xx_HAL_Driver/stm32h7xx_hal_i2c.o
LOAD ./Drivers/STM32H7xx_HAL_Driver/stm32h7xx_hal_i2c_ex.o
LOAD ./Drivers/STM32H7xx_HAL_Driver/stm32h7xx_hal_mdma.o
LOAD ./Drivers/STM32H7xx_HAL_Driver/stm32h7xx_hal_pcd.o
LOAD ./Drivers/STM32H7xx_HAL_Driver/stm32h7xx_hal_pcd_ex.o
LOAD ./Drivers/STM32H7xx_HAL_Driver/stm32h7xx_hal_pwr.o
LOAD ./Drivers/STM32H7xx_HAL_Driver/stm32h7xx_hal_pwr_ex.o
LOAD ./Drivers/STM32H7xx_HAL_Driver/stm32h7xx_hal_rcc.o
LOAD ./Drivers/STM32H7xx_HAL_Driver/stm32h7xx_hal_rcc_ex.o
LOAD ./Drivers/STM32H7xx_HAL_Driver/stm32h7xx_hal_spi.o
LOAD ./Drivers/STM32H7xx_HAL_Driver/stm32h7xx_hal_spi_ex.o
LOAD ./Drivers/STM32H7xx_HAL_Driver/stm32h7xx_hal_tim.o
LOAD ./Drivers/STM32H7xx_HAL_Driver/stm32h7xx_hal_tim_ex.o
LOAD ./Drivers/STM32H7xx_HAL_Driver/stm32h7xx_hal_uart.o
LOAD ./Drivers/STM32H7xx_HAL_Driver/stm32h7xx_hal_uart_ex.o
LOAD ./Drivers/STM32H7xx_HAL_Driver/stm32h7xx_ll_usb.o
START GROUP
LOAD C:/ST/STM32CubeIDE_1.16.0/STM32CubeIDE/plugins/com.st.stm32cube.ide.mcu.externaltools.gnu-tools-for-stm32.12.3.rel1.win32_1.0.200.202406191623/tools/bin/../lib/gcc/arm-none-eabi/12.3.1/../../../../arm-none-eabi/lib/thumb/v7e-m+dp/hard\libstdc++_nano.a
LOAD C:/ST/STM32CubeIDE_1.16.0/STM32CubeIDE/plugins/com.st.stm32cube.ide.mcu.externaltools.gnu-tools-for-stm32.12.3.rel1.win32_1.0.200.202406191623/tools/bin/../lib/gcc/arm-none-eabi/12.3.1/../../../../arm-none-eabi/lib/thumb/v7e-m+dp/hard\libsupc++_nano.a
END GROUP
LOAD C:/ST/STM32CubeIDE_1.16.0/STM32CubeIDE/plugins/com.st.stm32cube.ide.mcu.externaltools.gnu-tools-for-stm32.12.3.rel1.win32_1.0.200.202406191623/tools/bin/../lib/gcc/arm-none-eabi/12.3.1/../../../../arm-none-eabi/lib/thumb/v7e-m+dp/hard\libstdc++_nano.a
LOAD C:/ST/STM32CubeIDE_1.16.0/STM32CubeIDE/plugins/com.st.stm32cube.ide.mcu.externaltools.gnu-tools-for-stm32.12.3.rel1.win32_1.0.200.202406191623/tools/bin/../lib/gcc/arm-none-eabi/12.3.1/../../../../arm-none-eabi/lib/thumb/v7e-m+dp/hard\libm.a
LOAD C:/ST/STM32CubeIDE_1.16.0/STM32CubeIDE/plugins/com.st.stm32cube.ide.mcu.externaltools.gnu-tools-for-stm32.12.3.rel1.win32_1.0.200.202406191623/tools/bin/../lib/gcc/arm-none-eabi/12.3.1/../../../../arm-none-eabi/lib/thumb/v7e-m+dp/hard\libc_nano.a
START GROUP
LOAD C:/ST/STM32CubeIDE_1.16.0/STM32CubeIDE/plugins/com.st.stm32cube.ide.mcu.externaltools.gnu-tools-for-stm32.12.3.rel1.win32_1.0.200.202406191623/tools/bin/../lib/gcc/arm-none-eabi/12.3.1/thumb/v7e-m+dp/hard\libgcc.a
LOAD C:/ST/STM32CubeIDE_1.16.0/STM32CubeIDE/plugins/com.st.stm32cube.ide.mcu.externaltools.gnu-tools-for-stm32.12.3.rel1.win32_1.0.200.202406191623/tools/bin/../lib/gcc/arm-none-eabi/12.3.1/../../../../arm-none-eabi/lib/thumb/v7e-m+dp/hard\libc_nano.a
END GROUP
START GROUP
LOAD C:/ST/STM32CubeIDE_1.16.0/STM32CubeIDE/plugins/com.st.stm32cube.ide.mcu.externaltools.gnu-tools-for-stm32.12.3.rel1.win32_1.0.200.202406191623/tools/bin/../lib/gcc/arm-none-eabi/12.3.1/thumb/v7e-m+dp/hard\libgcc.a
LOAD C:/ST/STM32CubeIDE_1.16.0/STM32CubeIDE/plugins/com.st.stm32cube.ide.mcu.externaltools.gnu-tools-for-stm32.12.3.rel1.win32_1.0.200.202406191623/tools/bin/../lib/gcc/arm-none-eabi/12.3.1/../../../../arm-none-eabi/lib/thumb/v7e-m+dp/hard\libc_nano.a
LOAD C:/ST/STM32CubeIDE_1.16.0/STM32CubeIDE/plugins/com.st.stm32cube.ide.mcu.externaltools.gnu-tools-for-stm32.12.3.rel1.win32_1.0.200.202406191623/tools/bin/../lib/gcc/arm-none-eabi/12.3.1/../../../../arm-none-eabi/lib/thumb/v7e-m+dp/hard\libnosys.a
END GROUP
START GROUP
LOAD C:/ST/STM32CubeIDE_1.16.0/STM32CubeIDE/plugins/com.st.stm32cube.ide.mcu.externaltools.gnu-tools-for-stm32.12.3.rel1.win32_1.0.200.202406191623/tools/bin/../lib/gcc/arm-none-eabi/12.3.1/thumb/v7e-m+dp/hard\libgcc.a
LOAD C:/ST/STM32CubeIDE_1.16.0/STM32CubeIDE/plugins/com.st.stm32cube.ide.mcu.externaltools.gnu-tools-for-stm32.12.3.rel1.win32_1.0.200.202406191623/tools/bin/../lib/gcc/arm-none-eabi/12.3.1/../../../../arm-none-eabi/lib/thumb/v7e-m+dp/hard\libc_nano.a
LOAD C:/ST/STM32CubeIDE_1.16.0/STM32CubeIDE/plugins/com.st.stm32cube.ide.mcu.externaltools.gnu-tools-for-stm32.12.3.rel1.win32_1.0.200.202406191623/tools/bin/../lib/gcc/arm-none-eabi/12.3.1/../../../../arm-none-eabi/lib/thumb/v7e-m+dp/hard\libnosys.a
END GROUP
LOAD C:/ST/STM32CubeIDE_1.16.0/STM32CubeIDE/plugins/com.st.stm32cube.ide.mcu.externaltools.gnu-tools-for-stm32.12.3.rel1.win32_1.0.200.202406191623/tools/bin/../lib/gcc/arm-none-eabi/12.3.1/thumb/v7e-m+dp/hard/crtend.o
LOAD C:/ST/STM32CubeIDE_1.16.0/STM32CubeIDE/plugins/com.st.stm32cube.ide.mcu.externaltools.gnu-tools-for-stm32.12.3.rel1.win32_1.0.200.202406191623/tools/bin/../lib/gcc/arm-none-eabi/12.3.1/thumb/v7e-m+dp/hard/crtn.o
                0x24080000                        _estack = (ORIGIN (RAM_D1) + LENGTH (RAM_D1))
                0x00000200                        _Min_Heap_Size = 0x200
                0x00000400                        _Min_Stack_Size = 0x400

.isr_vector     0x08000000      0x298
                0x08000000                        . = ALIGN (0x4)
 *(.isr_vector)
 .isr_vector    0x08000000      0x298 ./Core/Startup/startup_stm32h755zitx.o
                0x08000000                g_pfnVectors
                0x08000298                        . = ALIGN (0x4)

.text           0x080002a0     0xe3e0
                0x080002a0                        . = ALIGN (0x4)
 *(.text)
 .text          0x080002a0       0x40 C:/ST/STM32CubeIDE_1.16.0/STM32CubeIDE/plugins/com.st.stm32cube.ide.mcu.externaltools.gnu-tools-for-stm32.12.3.rel1.win32_1.0.200.202406191623/tools/bin/../lib/gcc/arm-none-eabi/12.3.1/thumb/v7e-m+dp/hard/crtbegin.o
 .text          0x080002e0       0xa0 C:/ST/STM32CubeIDE_1.16.0/STM32CubeIDE/plugins/com.st.stm32cube.ide.mcu.externaltools.gnu-tools-for-stm32.12.3.rel1.win32_1.0.200.202406191623/tools/bin/../lib/gcc/arm-none-eabi/12.3.1/../../../../arm-none-eabi/lib/thumb/v7e-m+dp/hard\libc_nano.a(libc_a-memchr.o)
                0x080002e0                memchr
 .text          0x08000380       0x10 C:/ST/STM32CubeIDE_1.16.0/STM32CubeIDE/plugins/com.st.stm32cube.ide.mcu.externaltools.gnu-tools-for-stm32.12.3.rel1.win32_1.0.200.202406191623/tools/bin/../lib/gcc/arm-none-eabi/12.3.1/../../../../arm-none-eabi/lib/thumb/v7e-m+dp/hard\libc_nano.a(libc_a-strlen.o)
                0x08000380                strlen
 .text          0x08000390      0x378 C:/ST/STM32CubeIDE_1.16.0/STM32CubeIDE/plugins/com.st.stm32cube.ide.mcu.externaltools.gnu-tools-for-stm32.12.3.rel1.win32_1.0.200.202406191623/tools/bin/../lib/gcc/arm-none-eabi/12.3.1/thumb/v7e-m+dp/hard\libgcc.a(_arm_addsubdf3.o)
                0x08000390                __aeabi_drsub
                0x08000398                __aeabi_dsub
                0x08000398                __subdf3
                0x0800039c                __aeabi_dadd
                0x0800039c                __adddf3
                0x08000614                __floatunsidf
                0x08000614                __aeabi_ui2d
                0x08000634                __floatsidf
                0x08000634                __aeabi_i2d
                0x08000658                __aeabi_f2d
                0x08000658                __extendsfdf2
                0x0800069c                __floatundidf
                0x0800069c                __aeabi_ul2d
                0x080006ac                __floatdidf
                0x080006ac                __aeabi_l2d
 .text          0x08000708       0x30 C:/ST/STM32CubeIDE_1.16.0/STM32CubeIDE/plugins/com.st.stm32cube.ide.mcu.externaltools.gnu-tools-for-stm32.12.3.rel1.win32_1.0.200.202406191623/tools/bin/../lib/gcc/arm-none-eabi/12.3.1/thumb/v7e-m+dp/hard\libgcc.a(_aeabi_uldivmod.o)
                0x08000708                __aeabi_uldivmod
 .text          0x08000738      0x2bc C:/ST/STM32CubeIDE_1.16.0/STM32CubeIDE/plugins/com.st.stm32cube.ide.mcu.externaltools.gnu-tools-for-stm32.12.3.rel1.win32_1.0.200.202406191623/tools/bin/../lib/gcc/arm-none-eabi/12.3.1/thumb/v7e-m+dp/hard\libgcc.a(_udivmoddi4.o)
                0x08000738                __udivmoddi4
 .text          0x080009f4        0x4 C:/ST/STM32CubeIDE_1.16.0/STM32CubeIDE/plugins/com.st.stm32cube.ide.mcu.externaltools.gnu-tools-for-stm32.12.3.rel1.win32_1.0.200.202406191623/tools/bin/../lib/gcc/arm-none-eabi/12.3.1/thumb/v7e-m+dp/hard\libgcc.a(_dvmd_tls.o)
                0x080009f4                __aeabi_idiv0
                0x080009f4                __aeabi_ldiv0
 *(.text*)
 .text.SystemInit
                0x080009f8       0xe4 ./Common/Src/system_stm32h7xx_dualcore_boot_cm4_cm7.o
                0x080009f8                SystemInit
 *fill*         0x08000adc        0x4 
 .text._Z4_sinf
                0x08000ae0       0xa8 ./Core/Src/common/foc_utils.o
                0x08000ae0                _sin(float)
 .text._Z4_cosf
                0x08000b88       0x2c ./Core/Src/common/foc_utils.o
                0x08000b88                _cos(float)
 .text._Z7_sincosfPfS_
                0x08000bb4       0x28 ./Core/Src/common/foc_utils.o
                0x08000bb4                _sincos(float, float*, float*)
 .text._ZN13LowPassFilterC2Ef
                0x08000bdc       0x16 ./Core/Src/common/lowpass_filter.o
                0x08000bdc                LowPassFilter::LowPassFilter(float)
                0x08000bdc                LowPassFilter::LowPassFilter(float)
 .text._ZN13PIDControllerC2Efffff
                0x08000bf2       0x2a ./Core/Src/common/pid.o
                0x08000bf2                PIDController::PIDController(float, float, float, float, float)
                0x08000bf2                PIDController::PIDController(float, float, float, float, float)
 .text._ZN13PIDController6updateEf
                0x08000c1c      0x130 ./Core/Src/common/pid.o
                0x08000c1c                PIDController::update(float)
 .text._Z7_microsv
                0x08000d4c       0x18 ./Core/Src/common/time_utils.o
                0x08000d4c                _micros()
 .text.ITM_SendChar
                0x08000d64       0x34 ./Core/Src/main.o
 .text.MX_GPIO_Init
                0x08000d98      0x150 ./Core/Src/main.o
 .text.Fill_DAC_Buffer
                0x08000ee8       0x12 ./Core/Src/main.o
                0x08000ee8                Fill_DAC_Buffer
 .text._write   0x08000efa       0x1a ./Core/Src/main.o
                0x08000efa                _write
 .text.ITM_Init
                0x08000f14       0x34 ./Core/Src/main.o
                0x08000f14                ITM_Init
 .text.Error_Handler
                0x08000f48        0x6 ./Core/Src/main.o
                0x08000f48                Error_Handler
 *fill*         0x08000f4e        0x2 
 .text.Start_DAC_DMA
                0x08000f50       0x28 ./Core/Src/main.o
                0x08000f50                Start_DAC_DMA
 .text.MX_DMA_Init
                0x08000f78       0x9c ./Core/Src/main.o
 .text.MX_ADC1_Init
                0x08001014       0xd0 ./Core/Src/main.o
 .text.MX_DAC1_Init
                0x080010e4       0x5c ./Core/Src/main.o
 .text.MX_USART3_UART_Init
                0x08001140       0x60 ./Core/Src/main.o
 .text.MX_USB_OTG_FS_PCD_Init
                0x080011a0       0x38 ./Core/Src/main.o
 .text.MX_USART2_UART_Init
                0x080011d8       0x60 ./Core/Src/main.o
 .text.MX_SPI2_Init
                0x08001238       0x60 ./Core/Src/main.o
 .text.MX_TIM2_Init
                0x08001298       0xc4 ./Core/Src/main.o
 .text.SystemClock_Config
                0x0800135c       0xcc ./Core/Src/main.o
                0x0800135c                SystemClock_Config
 .text.MX_TIM1_Init
                0x08001428      0x144 ./Core/Src/main.o
                0x08001428                MX_TIM1_Init
 .text.MX_TIM8_Init
                0x0800156c      0x188 ./Core/Src/main.o
                0x0800156c                MX_TIM8_Init
 .text.main     0x080016f4       0xd4 ./Core/Src/main.o
                0x080016f4                main
 .text.HAL_ADC_ConvCpltCallback
                0x080017c8       0x18 ./Core/Src/main_cpp.o
                0x080017c8                HAL_ADC_ConvCpltCallback
 .text._Z18enableCycleCounterv
                0x080017e0       0x28 ./Core/Src/main_cpp.o
                0x080017e0                enableCycleCounter()
 .text._ZNSt11_Deque_baseIfSaIfEE16_M_destroy_nodesEPPfS3_
                0x08001808       0x1a ./Core/Src/main_cpp.o
                0x08001808                std::_Deque_base<float, std::allocator<float> >::_M_destroy_nodes(float**, float**)
 .text._ZNSt11_Deque_baseIfSaIfEED2Ev
                0x08001822       0x20 ./Core/Src/main_cpp.o
                0x08001822                std::_Deque_base<float, std::allocator<float> >::~_Deque_base()
                0x08001822                std::_Deque_base<float, std::allocator<float> >::~_Deque_base()
 .text._ZNSt5dequeIfSaIfEED2Ev
                0x08001842       0x30 ./Core/Src/main_cpp.o
                0x08001842                std::deque<float, std::allocator<float> >::~deque()
                0x08001842                std::deque<float, std::allocator<float> >::~deque()
 *fill*         0x08001872        0x2 
 .text._Z41__static_initialization_and_destruction_0ii
                0x08001874       0x90 ./Core/Src/main_cpp.o
 .text._ZNKSt6vectorIfSaIfEE12_M_check_lenEjPKc
                0x08001904       0x54 ./Core/Src/main_cpp.o
                0x08001904                std::vector<float, std::allocator<float> >::_M_check_len(unsigned int, char const*) const
 .text._ZNSt15__new_allocatorIfE8allocateEjPKv
                0x08001958       0x1e ./Core/Src/main_cpp.o
                0x08001958                std::__new_allocator<float>::allocate(unsigned int, void const*)
 *fill*         0x08001976        0x2 
 .text._ZNSt6vectorIfSaIfEE17_M_realloc_insertIJRKfEEEvN9__gnu_cxx17__normal_iteratorIPfS1_EEDpOT_
                0x08001978       0x88 ./Core/Src/main_cpp.o
                0x08001978                void std::vector<float, std::allocator<float> >::_M_realloc_insert<float const&>(__gnu_cxx::__normal_iterator<float*, std::vector<float, std::allocator<float> > >, float const&)
 .text._ZNSt6vectorIfSaIfEE9push_backERKf
                0x08001a00       0x20 ./Core/Src/main_cpp.o
                0x08001a00                std::vector<float, std::allocator<float> >::push_back(float const&)
 .text.cpp_main
                0x08001a20      0x1c4 ./Core/Src/main_cpp.o
                0x08001a20                cpp_main
 .text._GLOBAL__sub_I_adc_dma_result
                0x08001be4        0xe ./Core/Src/main_cpp.o
 .text._GLOBAL__sub_D_adc_dma_result
                0x08001bf2        0xe ./Core/Src/main_cpp.o
 .text.HAL_MspInit
                0x08001c00       0x50 ./Core/Src/stm32h7xx_hal_msp.o
                0x08001c00                HAL_MspInit
 .text.HAL_ADC_MspInit
                0x08001c50      0x11c ./Core/Src/stm32h7xx_hal_msp.o
                0x08001c50                HAL_ADC_MspInit
 .text.HAL_DAC_MspInit
                0x08001d6c       0x70 ./Core/Src/stm32h7xx_hal_msp.o
                0x08001d6c                HAL_DAC_MspInit
 .text.HAL_SPI_MspInit
                0x08001ddc       0xcc ./Core/Src/stm32h7xx_hal_msp.o
                0x08001ddc                HAL_SPI_MspInit
 .text.HAL_TIM_Base_MspInit
                0x08001ea8       0x7c ./Core/Src/stm32h7xx_hal_msp.o
                0x08001ea8                HAL_TIM_Base_MspInit
 .text.HAL_TIM_MspPostInit
                0x08001f24       0xd4 ./Core/Src/stm32h7xx_hal_msp.o
                0x08001f24                HAL_TIM_MspPostInit
 .text.HAL_UART_MspInit
                0x08001ff8      0x138 ./Core/Src/stm32h7xx_hal_msp.o
                0x08001ff8                HAL_UART_MspInit
 .text.HAL_PCD_MspInit
                0x08002130       0xbc ./Core/Src/stm32h7xx_hal_msp.o
                0x08002130                HAL_PCD_MspInit
 .text.hard_fault_handler_c
                0x080021ec       0x26 ./Core/Src/stm32h7xx_it.o
                0x080021ec                hard_fault_handler_c
 .text.NMI_Handler
                0x08002212        0x2 ./Core/Src/stm32h7xx_it.o
                0x08002212                NMI_Handler
 .text.HardFault_Handler
                0x08002214       0x14 ./Core/Src/stm32h7xx_it.o
                0x08002214                HardFault_Handler
 .text.MemManage_Handler
                0x08002228        0x4 ./Core/Src/stm32h7xx_it.o
                0x08002228                MemManage_Handler
 .text.BusFault_Handler
                0x0800222c        0x4 ./Core/Src/stm32h7xx_it.o
                0x0800222c                BusFault_Handler
 .text.UsageFault_Handler
                0x08002230        0x4 ./Core/Src/stm32h7xx_it.o
                0x08002230                UsageFault_Handler
 .text.SVC_Handler
                0x08002234        0x4 ./Core/Src/stm32h7xx_it.o
                0x08002234                SVC_Handler
 .text.DebugMon_Handler
                0x08002238        0x4 ./Core/Src/stm32h7xx_it.o
                0x08002238                DebugMon_Handler
 .text.PendSV_Handler
                0x0800223c        0x4 ./Core/Src/stm32h7xx_it.o
                0x0800223c                PendSV_Handler
 .text.SysTick_Handler
                0x08002240        0x8 ./Core/Src/stm32h7xx_it.o
                0x08002240                SysTick_Handler
 .text.DMA1_Stream0_IRQHandler
                0x08002248       0x10 ./Core/Src/stm32h7xx_it.o
                0x08002248                DMA1_Stream0_IRQHandler
 .text._getpid  0x08002258        0x4 ./Core/Src/syscalls.o
                0x08002258                _getpid
 .text._kill    0x0800225c       0x10 ./Core/Src/syscalls.o
                0x0800225c                _kill
 .text._exit    0x0800226c        0xc ./Core/Src/syscalls.o
                0x0800226c                _exit
 .text._read    0x08002278       0x20 ./Core/Src/syscalls.o
                0x08002278                _read
 .text._close   0x08002298        0x6 ./Core/Src/syscalls.o
                0x08002298                _close
 .text._fstat   0x0800229e        0xa ./Core/Src/syscalls.o
                0x0800229e                _fstat
 .text._isatty  0x080022a8        0x4 ./Core/Src/syscalls.o
                0x080022a8                _isatty
 .text._lseek   0x080022ac        0x4 ./Core/Src/syscalls.o
                0x080022ac                _lseek
 .text._sbrk    0x080022b0       0x48 ./Core/Src/sysmem.o
                0x080022b0                _sbrk
 .text._ZN13StepperDriverC2EP17TIM_HandleTypeDefS1_ffmmmm
                0x080022f8      0x124 ./Core/Src/motors/StepperMotor.o
                0x080022f8                StepperDriver::StepperDriver(TIM_HandleTypeDef*, TIM_HandleTypeDef*, float, float, unsigned long, unsigned long, unsigned long, unsigned long)
                0x080022f8                StepperDriver::StepperDriver(TIM_HandleTypeDef*, TIM_HandleTypeDef*, float, float, unsigned long, unsigned long, unsigned long, unsigned long)
 .text._ZN13StepperDriver13handle_statusEm
                0x0800241c       0x58 ./Core/Src/motors/StepperMotor.o
                0x0800241c                StepperDriver::handle_status(unsigned long)
 .text._ZN13StepperDriver6enableEv
                0x08002474       0xe0 ./Core/Src/motors/StepperMotor.o
                0x08002474                StepperDriver::enable()
 .text._ZN13StepperDriver14set_dutycyclesEffff
                0x08002554      0x18e ./Core/Src/motors/StepperMotor.o
                0x08002554                StepperDriver::set_dutycycles(float, float, float, float)
 .text._ZN12StepperMotor17normalize_radiansEf
                0x080026e2       0x2c ./Core/Src/motors/StepperMotor.o
                0x080026e2                StepperMotor::normalize_radians(float)
 .text._ZN12StepperMotor6enableEv
                0x0800270e       0x12 ./Core/Src/motors/StepperMotor.o
                0x0800270e                StepperMotor::enable()
 .text._ZN12StepperMotor4initEv
                0x08002720       0x30 ./Core/Src/motors/StepperMotor.o
                0x08002720                StepperMotor::init()
 .text._ZN12StepperMotor10resistanceEf
                0x08002750       0x58 ./Core/Src/motors/StepperMotor.o
                0x08002750                StepperMotor::resistance(float)
 .text._ZN12StepperMotor10inductanceEf
                0x080027a8       0x58 ./Core/Src/motors/StepperMotor.o
                0x080027a8                StepperMotor::inductance(float)
 .text._ZN12StepperMotor25smooth_voltage_adjustmentEffff
                0x08002800       0x12 ./Core/Src/motors/StepperMotor.o
                0x08002800                StepperMotor::smooth_voltage_adjustment(float, float, float, float)
 *fill*         0x08002812        0x2 
 .text._ZN12StepperMotor24calculate_smoothing_rateEf
                0x08002814       0x2c ./Core/Src/motors/StepperMotor.o
                0x08002814                StepperMotor::calculate_smoothing_rate(float)
 .text._ZN12StepperMotor15clarkeTransformEffRfS0_
                0x08002840       0x1a ./Core/Src/motors/StepperMotor.o
                0x08002840                StepperMotor::clarkeTransform(float, float, float&, float&)
 .text._ZN12StepperMotor13parkTransformEfffRfS0_
                0x0800285a       0x50 ./Core/Src/motors/StepperMotor.o
                0x0800285a                StepperMotor::parkTransform(float, float, float, float&, float&)
 *fill*         0x080028aa        0x2 
 .text._ZN12StepperMotor17transformCurrentsEfffRfS0_
                0x080028ac       0x48 ./Core/Src/motors/StepperMotor.o
                0x080028ac                StepperMotor::transformCurrents(float, float, float, float&, float&)
 .text._ZN12StepperMotor30compute_inverse_park_transformEfff
                0x080028f4       0x4e ./Core/Src/motors/StepperMotor.o
                0x080028f4                StepperMotor::compute_inverse_park_transform(float, float, float)
 .text._ZN12StepperMotor24get_filtered_shaft_angleEv
                0x08002942       0x14 ./Core/Src/motors/StepperMotor.o
                0x08002942                StepperMotor::get_filtered_shaft_angle()
 .text._ZN12StepperMotor26get_electric_angle_radiansEv
                0x08002956       0x22 ./Core/Src/motors/StepperMotor.o
                0x08002956                StepperMotor::get_electric_angle_radians()
 .text._Z14symetric_clampIfET_S0_S0_
                0x08002978       0x28 ./Core/Src/motors/StepperMotor.o
                0x08002978                float symetric_clamp<float>(float, float)
 .text._ZN13StepperDriver18set_pwm_duty_cycleEffffff
                0x080029a0       0xe8 ./Core/Src/motors/StepperMotor.o
                0x080029a0                StepperDriver::set_pwm_duty_cycle(float, float, float, float, float, float)
 .text._ZN12StepperMotor15setPhaseVoltageEfff
                0x08002a88       0x32 ./Core/Src/motors/StepperMotor.o
                0x08002a88                StepperMotor::setPhaseVoltage(float, float, float)
 *fill*         0x08002aba        0x2 
 .text._ZN12StepperMotor26determine_sensor_directionEv
                0x08002abc       0xd0 ./Core/Src/motors/StepperMotor.o
                0x08002abc                StepperMotor::determine_sensor_direction()
 .text._ZN12StepperMotor11alignSensorEv
                0x08002b8c        0x8 ./Core/Src/motors/StepperMotor.o
                0x08002b8c                StepperMotor::alignSensor()
 .text._ZN12StepperMotor7initFOCEv
                0x08002b94       0x40 ./Core/Src/motors/StepperMotor.o
                0x08002b94                StepperMotor::initFOC()
 .text._ZN12StepperMotor23update_torque_open_loopEfff
                0x08002bd4       0xb8 ./Core/Src/motors/StepperMotor.o
                0x08002bd4                StepperMotor::update_torque_open_loop(float, float, float)
 .text._ZN12StepperMotor4moveEf
                0x08002c8c       0x98 ./Core/Src/motors/StepperMotor.o
                0x08002c8c                StepperMotor::move(float)
 .text._ZN12StepperMotor24update_speed_closed_loopEff
                0x08002d24      0x14c ./Core/Src/motors/StepperMotor.o
                0x08002d24                StepperMotor::update_speed_closed_loop(float, float)
 .text._ZN12StepperMotor27update_position_closed_loopEff
                0x08002e70       0xf4 ./Core/Src/motors/StepperMotor.o
                0x08002e70                StepperMotor::update_position_closed_loop(float, float)
 .text._ZN12StepperMotor25update_position_open_loopEff
                0x08002f64      0x130 ./Core/Src/motors/StepperMotor.o
                0x08002f64                StepperMotor::update_position_open_loop(float, float)
 .text._ZN12StepperMotor22update_speed_open_loopEff
                0x08003094       0xf4 ./Core/Src/motors/StepperMotor.o
                0x08003094                StepperMotor::update_speed_open_loop(float, float)
 .text._ZStmiRKSt15_Deque_iteratorIfRfPfES4_
                0x08003188       0x28 ./Core/Src/motors/StepperMotor.o
                0x08003188                std::operator-(std::_Deque_iterator<float, float&, float*> const&, std::_Deque_iterator<float, float&, float*> const&)
 .text._ZNSt5dequeIfSaIfEE16_M_pop_front_auxEv
                0x080031b0       0x22 ./Core/Src/motors/StepperMotor.o
                0x080031b0                std::deque<float, std::allocator<float> >::_M_pop_front_aux()
 .text._ZNSt5dequeIfSaIfEE9pop_frontEv
                0x080031d2       0x18 ./Core/Src/motors/StepperMotor.o
                0x080031d2                std::deque<float, std::allocator<float> >::pop_front()
 .text._ZNSt15_Deque_iteratorIfRfPfEmmEv
                0x080031ea       0x26 ./Core/Src/motors/StepperMotor.o
                0x080031ea                std::_Deque_iterator<float, float&, float*>::operator--()
 .text._ZNSt5dequeIfSaIfEE4backEv
                0x08003210       0x22 ./Core/Src/motors/StepperMotor.o
                0x08003210                std::deque<float, std::allocator<float> >::back()
 .text._ZNSt15__new_allocatorIPfE8allocateEjPKv
                0x08003232       0x1e ./Core/Src/motors/StepperMotor.o
                0x08003232                std::__new_allocator<float*>::allocate(unsigned int, void const*)
 .text._ZNSt11_Deque_baseIfSaIfEE15_M_create_nodesEPPfS3_
                0x08003250       0x1e ./Core/Src/motors/StepperMotor.o
                0x08003250                std::_Deque_base<float, std::allocator<float> >::_M_create_nodes(float**, float**)
 .text._ZNSt11_Deque_baseIfSaIfEE17_M_initialize_mapEj
                0x0800326e       0x7c ./Core/Src/motors/StepperMotor.o
                0x0800326e                std::_Deque_base<float, std::allocator<float> >::_M_initialize_map(unsigned int)
 .text._ZNSt11_Deque_baseIfSaIfEEC2Ev
                0x080032ea       0x22 ./Core/Src/motors/StepperMotor.o
                0x080032ea                std::_Deque_base<float, std::allocator<float> >::_Deque_base()
                0x080032ea                std::_Deque_base<float, std::allocator<float> >::_Deque_base()
 .text._ZN12StepperMotorC2EP19__SPI_HandleTypeDefP12GPIO_TypeDeftifffffP17TIM_HandleTypeDefS5_mmmm
                0x0800330c      0x2d8 ./Core/Src/motors/StepperMotor.o
                0x0800330c                StepperMotor::StepperMotor(__SPI_HandleTypeDef*, GPIO_TypeDef*, unsigned short, int, float, float, float, float, float, TIM_HandleTypeDef*, TIM_HandleTypeDef*, unsigned long, unsigned long, unsigned long, unsigned long)
                0x0800330c                StepperMotor::StepperMotor(__SPI_HandleTypeDef*, GPIO_TypeDef*, unsigned short, int, float, float, float, float, float, TIM_HandleTypeDef*, TIM_HandleTypeDef*, unsigned long, unsigned long, unsigned long, unsigned long)
 .text._ZSt4copyIPPfS1_ET0_T_S3_S2_
                0x080035e4       0x18 ./Core/Src/motors/StepperMotor.o
                0x080035e4                float** std::copy<float**, float**>(float**, float**, float**)
 .text._ZNSt20__copy_move_backwardILb0ELb1ESt26random_access_iterator_tagE13__copy_move_bIPfEEPT_PKS4_S7_S5_
                0x080035fc       0x18 ./Core/Src/motors/StepperMotor.o
                0x080035fc                float** std::__copy_move_backward<false, true, std::random_access_iterator_tag>::__copy_move_b<float*>(float* const*, float* const*, float**)
 .text._ZNSt5dequeIfSaIfEE17_M_reallocate_mapEjb
                0x08003614       0xc8 ./Core/Src/motors/StepperMotor.o
                0x08003614                std::deque<float, std::allocator<float> >::_M_reallocate_map(unsigned int, bool)
 .text._ZNSt5dequeIfSaIfEE22_M_reserve_map_at_backEj
                0x080036dc       0x20 ./Core/Src/motors/StepperMotor.o
                0x080036dc                std::deque<float, std::allocator<float> >::_M_reserve_map_at_back(unsigned int)
 .text._ZNSt5dequeIfSaIfEE16_M_push_back_auxIJfEEEvDpOT_
                0x080036fc       0x54 ./Core/Src/motors/StepperMotor.o
                0x080036fc                void std::deque<float, std::allocator<float> >::_M_push_back_aux<float>(float&&)
 .text._ZNSt5dequeIfSaIfEE12emplace_backIJfEEEvDpOT_
                0x08003750       0x1e ./Core/Src/motors/StepperMotor.o
                0x08003750                void std::deque<float, std::allocator<float> >::emplace_back<float>(float&&)
 .text._ZN15OffsetEstimator6updateEf
                0x0800376e       0x98 ./Core/Src/motors/StepperMotor.o
                0x0800376e                OffsetEstimator::update(float)
 *fill*         0x08003806        0x2 
 .text._ZN12StepperMotor7loopFOCEff
                0x08003808       0xe0 ./Core/Src/motors/StepperMotor.o
                0x08003808                StepperMotor::loopFOC(float, float)
 .text._ZN7AS5048AC2EP19__SPI_HandleTypeDefP12GPIO_TypeDeft
                0x080038e8       0x78 ./Core/Src/sensors/AS5048A.o
                0x080038e8                AS5048A::AS5048A(__SPI_HandleTypeDef*, GPIO_TypeDef*, unsigned short)
                0x080038e8                AS5048A::AS5048A(__SPI_HandleTypeDef*, GPIO_TypeDef*, unsigned short)
 .text._ZN7AS5048A22get_radians_per_secondEv
                0x08003960        0x6 ./Core/Src/sensors/AS5048A.o
                0x08003960                AS5048A::get_radians_per_second()
 .text._ZN7AS5048A13invert_outputEb
                0x08003966        0x6 ./Core/Src/sensors/AS5048A.o
                0x08003966                AS5048A::invert_output(bool)
 .text._Z16readWithDeadbandt
                0x0800396c       0x20 ./Core/Src/sensors/AS5048A.o
                0x0800396c                readWithDeadband(unsigned short)
 *fill*         0x0800398c        0x4 
 .text._Z16convertToSineDACt
                0x08003990       0xe0 ./Core/Src/sensors/AS5048A.o
                0x08003990                convertToSineDAC(unsigned short)
 .text._Z15smoothDACOutputt
                0x08003a70        0x2 ./Core/Src/sensors/AS5048A.o
                0x08003a70                smoothDACOutput(unsigned short)
 .text._ZN7AS5048A17get_angle_radiansEv
                0x08003a72        0x6 ./Core/Src/sensors/AS5048A.o
                0x08003a72                AS5048A::get_angle_radians()
 .text._ZN7AS5048A17spiCalcEvenParityEt
                0x08003a78       0x22 ./Core/Src/sensors/AS5048A.o
                0x08003a78                AS5048A::spiCalcEvenParity(unsigned short)
 .text._ZN7AS5048A13read_registerEt
                0x08003a9a       0x6c ./Core/Src/sensors/AS5048A.o
                0x08003a9a                AS5048A::read_register(unsigned short)
 .text._ZN7AS5048A13get_raw_countEv
                0x08003b06        0xc ./Core/Src/sensors/AS5048A.o
                0x08003b06                AS5048A::get_raw_count()
 *fill*         0x08003b12        0x2 
 .text._ZN7AS5048A18read_angle_radiansEv
                0x08003b14       0x68 ./Core/Src/sensors/AS5048A.o
                0x08003b14                AS5048A::read_angle_radians()
 .text._ZN7AS5048A6updateEv
                0x08003b7c       0x8c ./Core/Src/sensors/AS5048A.o
                0x08003b7c                AS5048A::update()
 .text._ZN7AS5048A9get_stateEv
                0x08003c08        0xc ./Core/Src/sensors/AS5048A.o
                0x08003c08                AS5048A::get_state()
 .text._ZN7AS5048A14get_diagnosticEv
                0x08003c14        0xa ./Core/Src/sensors/AS5048A.o
                0x08003c14                AS5048A::get_diagnostic()
 .text._ZN7AS5048A34get_mechanical_phase_angle_radiansEv
                0x08003c1e        0x6 ./Core/Src/sensors/AS5048A.o
                0x08003c1e                AS5048A::get_mechanical_phase_angle_radians()
 .text.Reset_Handler
                0x08003c24       0x50 ./Core/Startup/startup_stm32h755zitx.o
                0x08003c24                Reset_Handler
 .text.Default_Handler
                0x08003c74        0x2 ./Core/Startup/startup_stm32h755zitx.o
                0x08003c74                RTC_Alarm_IRQHandler
                0x08003c74                HASH_RNG_IRQHandler
                0x08003c74                EXTI2_IRQHandler
                0x08003c74                TIM8_CC_IRQHandler
                0x08003c74                HRTIM1_Master_IRQHandler
                0x08003c74                UART8_IRQHandler
                0x08003c74                SPI4_IRQHandler
                0x08003c74                TIM1_CC_IRQHandler
                0x08003c74                BDMA_Channel6_IRQHandler
                0x08003c74                DMA2_Stream5_IRQHandler
                0x08003c74                HRTIM1_FLT_IRQHandler
                0x08003c74                JPEG_IRQHandler
                0x08003c74                DMA1_Stream5_IRQHandler
                0x08003c74                BDMA_Channel1_IRQHandler
                0x08003c74                HRTIM1_TIMD_IRQHandler
                0x08003c74                TAMP_STAMP_IRQHandler
                0x08003c74                EXTI3_IRQHandler
                0x08003c74                LPTIM4_IRQHandler
                0x08003c74                TIM8_TRG_COM_TIM14_IRQHandler
                0x08003c74                LPTIM2_IRQHandler
                0x08003c74                DFSDM1_FLT1_IRQHandler
                0x08003c74                DMAMUX2_OVR_IRQHandler
                0x08003c74                TIM8_UP_TIM13_IRQHandler
                0x08003c74                I2C3_ER_IRQHandler
                0x08003c74                DFSDM1_FLT2_IRQHandler
                0x08003c74                MDMA_IRQHandler
                0x08003c74                LPTIM3_IRQHandler
                0x08003c74                HSEM1_IRQHandler
                0x08003c74                EXTI0_IRQHandler
                0x08003c74                I2C2_EV_IRQHandler
                0x08003c74                DMA1_Stream2_IRQHandler
                0x08003c74                FPU_IRQHandler
                0x08003c74                OTG_HS_WKUP_IRQHandler
                0x08003c74                FDCAN1_IT1_IRQHandler
                0x08003c74                LTDC_ER_IRQHandler
                0x08003c74                DMA2_Stream2_IRQHandler
                0x08003c74                HRTIM1_TIME_IRQHandler
                0x08003c74                SPI1_IRQHandler
                0x08003c74                TIM6_DAC_IRQHandler
                0x08003c74                DCMI_IRQHandler
                0x08003c74                HRTIM1_TIMC_IRQHandler
                0x08003c74                DMA2_Stream3_IRQHandler
                0x08003c74                SAI2_IRQHandler
                0x08003c74                DFSDM1_FLT3_IRQHandler
                0x08003c74                USART6_IRQHandler
                0x08003c74                TIM17_IRQHandler
                0x08003c74                USART3_IRQHandler
                0x08003c74                BDMA_Channel7_IRQHandler
                0x08003c74                CRYP_IRQHandler
                0x08003c74                LPTIM5_IRQHandler
                0x08003c74                UART5_IRQHandler
                0x08003c74                ADC3_IRQHandler
                0x08003c74                DMA2_Stream0_IRQHandler
                0x08003c74                TIM4_IRQHandler
                0x08003c74                BDMA_Channel2_IRQHandler
                0x08003c74                QUADSPI_IRQHandler
                0x08003c74                I2C1_EV_IRQHandler
                0x08003c74                DMA1_Stream6_IRQHandler
                0x08003c74                DMAMUX1_OVR_IRQHandler
                0x08003c74                DMA1_Stream1_IRQHandler
                0x08003c74                TIM16_IRQHandler
                0x08003c74                UART4_IRQHandler
                0x08003c74                BDMA_Channel5_IRQHandler
                0x08003c74                TIM3_IRQHandler
                0x08003c74                RCC_IRQHandler
                0x08003c74                TIM8_BRK_TIM12_IRQHandler
                0x08003c74                TIM1_TRG_COM_IRQHandler
                0x08003c74                Default_Handler
                0x08003c74                ECC_IRQHandler
                0x08003c74                CEC_IRQHandler
                0x08003c74                EXTI15_10_IRQHandler
                0x08003c74                BDMA_Channel0_IRQHandler
                0x08003c74                ADC_IRQHandler
                0x08003c74                DMA1_Stream7_IRQHandler
                0x08003c74                HRTIM1_TIMA_IRQHandler
                0x08003c74                SPI5_IRQHandler
                0x08003c74                TIM7_IRQHandler
                0x08003c74                SDMMC1_IRQHandler
                0x08003c74                TIM5_IRQHandler
                0x08003c74                DMA2_Stream7_IRQHandler
                0x08003c74                TIM15_IRQHandler
                0x08003c74                PVD_AVD_IRQHandler
                0x08003c74                I2C3_EV_IRQHandler
                0x08003c74                EXTI9_5_IRQHandler
                0x08003c74                RTC_WKUP_IRQHandler
                0x08003c74                LTDC_IRQHandler
                0x08003c74                SAI3_IRQHandler
                0x08003c74                ETH_WKUP_IRQHandler
                0x08003c74                SPDIF_RX_IRQHandler
                0x08003c74                SPI2_IRQHandler
                0x08003c74                OTG_HS_EP1_IN_IRQHandler
                0x08003c74                CRS_IRQHandler
                0x08003c74                CM7_SEV_IRQHandler
                0x08003c74                EXTI4_IRQHandler
                0x08003c74                CM4_SEV_IRQHandler
                0x08003c74                HRTIM1_TIMB_IRQHandler
                0x08003c74                FDCAN2_IT1_IRQHandler
                0x08003c74                ETH_IRQHandler
                0x08003c74                TIM1_UP_IRQHandler
                0x08003c74                WWDG_RST_IRQHandler
                0x08003c74                BDMA_Channel4_IRQHandler
                0x08003c74                OTG_HS_EP1_OUT_IRQHandler
                0x08003c74                WWDG_IRQHandler
                0x08003c74                SPI6_IRQHandler
                0x08003c74                MDIOS_IRQHandler
                0x08003c74                I2C4_EV_IRQHandler
                0x08003c74                FDCAN2_IT0_IRQHandler
                0x08003c74                LPUART1_IRQHandler
                0x08003c74                FDCAN1_IT0_IRQHandler
                0x08003c74                TIM2_IRQHandler
                0x08003c74                OTG_FS_WKUP_IRQHandler
                0x08003c74                OTG_HS_IRQHandler
                0x08003c74                HSEM2_IRQHandler
                0x08003c74                DMA2D_IRQHandler
                0x08003c74                TIM1_BRK_IRQHandler
                0x08003c74                EXTI1_IRQHandler
                0x08003c74                SDMMC2_IRQHandler
                0x08003c74                OTG_FS_EP1_OUT_IRQHandler
                0x08003c74                BDMA_Channel3_IRQHandler
                0x08003c74                HOLD_CORE_IRQHandler
                0x08003c74                UART7_IRQHandler
                0x08003c74                MDIOS_WKUP_IRQHandler
                0x08003c74                USART2_IRQHandler
                0x08003c74                DFSDM1_FLT0_IRQHandler
                0x08003c74                SAI4_IRQHandler
                0x08003c74                I2C2_ER_IRQHandler
                0x08003c74                DMA2_Stream1_IRQHandler
                0x08003c74                FLASH_IRQHandler
                0x08003c74                DMA2_Stream4_IRQHandler
                0x08003c74                USART1_IRQHandler
                0x08003c74                OTG_FS_IRQHandler
                0x08003c74                SPI3_IRQHandler
                0x08003c74                WAKEUP_PIN_IRQHandler
                0x08003c74                DMA1_Stream4_IRQHandler
                0x08003c74                OTG_FS_EP1_IN_IRQHandler
                0x08003c74                I2C1_ER_IRQHandler
                0x08003c74                FMC_IRQHandler
                0x08003c74                FDCAN_CAL_IRQHandler
                0x08003c74                SWPMI1_IRQHandler
                0x08003c74                COMP1_IRQHandler
                0x08003c74                LPTIM1_IRQHandler
                0x08003c74                I2C4_ER_IRQHandler
                0x08003c74                DMA2_Stream6_IRQHandler
                0x08003c74                SAI1_IRQHandler
                0x08003c74                DMA1_Stream3_IRQHandler
 *fill*         0x08003c76        0x2 
 .text.HAL_InitTick
                0x08003c78       0x50 ./Drivers/STM32H7xx_HAL_Driver/stm32h7xx_hal.o
                0x08003c78                HAL_InitTick
 .text.HAL_Init
                0x08003cc8       0x5c ./Drivers/STM32H7xx_HAL_Driver/stm32h7xx_hal.o
                0x08003cc8                HAL_Init
 .text.HAL_IncTick
                0x08003d24       0x18 ./Drivers/STM32H7xx_HAL_Driver/stm32h7xx_hal.o
                0x08003d24                HAL_IncTick
 .text.HAL_GetTick
                0x08003d3c        0xc ./Drivers/STM32H7xx_HAL_Driver/stm32h7xx_hal.o
                0x08003d3c                HAL_GetTick
 .text.HAL_Delay
                0x08003d48       0x28 ./Drivers/STM32H7xx_HAL_Driver/stm32h7xx_hal.o
                0x08003d48                HAL_Delay
 .text.HAL_GetREVID
                0x08003d70        0xc ./Drivers/STM32H7xx_HAL_Driver/stm32h7xx_hal.o
                0x08003d70                HAL_GetREVID
 .text.HAL_SYSCFG_VREFBUF_VoltageScalingConfig
                0x08003d7c       0x14 ./Drivers/STM32H7xx_HAL_Driver/stm32h7xx_hal.o
                0x08003d7c                HAL_SYSCFG_VREFBUF_VoltageScalingConfig
 .text.HAL_SYSCFG_VREFBUF_HighImpedanceConfig
                0x08003d90       0x14 ./Drivers/STM32H7xx_HAL_Driver/stm32h7xx_hal.o
                0x08003d90                HAL_SYSCFG_VREFBUF_HighImpedanceConfig
 .text.HAL_SYSCFG_EnableVREFBUF
                0x08003da4       0x34 ./Drivers/STM32H7xx_HAL_Driver/stm32h7xx_hal.o
                0x08003da4                HAL_SYSCFG_EnableVREFBUF
 .text.LL_ADC_REG_SetSequencerRanks
                0x08003dd8       0x30 ./Drivers/STM32H7xx_HAL_Driver/stm32h7xx_hal_adc.o
 .text.LL_ADC_SetChannelSamplingTime
                0x08003e08       0x2c ./Drivers/STM32H7xx_HAL_Driver/stm32h7xx_hal_adc.o
 .text.HAL_ADC_ConvHalfCpltCallback
                0x08003e34        0x2 ./Drivers/STM32H7xx_HAL_Driver/stm32h7xx_hal_adc.o
                0x08003e34                HAL_ADC_ConvHalfCpltCallback
 .text.ADC_DMAHalfConvCplt
                0x08003e36        0xa ./Drivers/STM32H7xx_HAL_Driver/stm32h7xx_hal_adc.o
                0x08003e36                ADC_DMAHalfConvCplt
 .text.HAL_ADC_ErrorCallback
                0x08003e40        0x2 ./Drivers/STM32H7xx_HAL_Driver/stm32h7xx_hal_adc.o
                0x08003e40                HAL_ADC_ErrorCallback
 .text.ADC_DMAConvCplt
                0x08003e42       0x88 ./Drivers/STM32H7xx_HAL_Driver/stm32h7xx_hal_adc.o
                0x08003e42                ADC_DMAConvCplt
 .text.ADC_DMAError
                0x08003eca       0x1a ./Drivers/STM32H7xx_HAL_Driver/stm32h7xx_hal_adc.o
                0x08003eca                ADC_DMAError
 .text.HAL_ADC_ConfigChannel
                0x08003ee4      0x48c ./Drivers/STM32H7xx_HAL_Driver/stm32h7xx_hal_adc.o
                0x08003ee4                HAL_ADC_ConfigChannel
 .text.ADC_ConversionStop
                0x08004370      0x100 ./Drivers/STM32H7xx_HAL_Driver/stm32h7xx_hal_adc.o
                0x08004370                ADC_ConversionStop
 .text.ADC_Enable
                0x08004470       0xd4 ./Drivers/STM32H7xx_HAL_Driver/stm32h7xx_hal_adc.o
                0x08004470                ADC_Enable
 .text.HAL_ADC_Start_DMA
                0x08004544      0x11c ./Drivers/STM32H7xx_HAL_Driver/stm32h7xx_hal_adc.o
                0x08004544                HAL_ADC_Start_DMA
 .text.ADC_Disable
                0x08004660       0x94 ./Drivers/STM32H7xx_HAL_Driver/stm32h7xx_hal_adc.o
                0x08004660                ADC_Disable
 .text.HAL_ADC_Stop_DMA
                0x080046f4       0x84 ./Drivers/STM32H7xx_HAL_Driver/stm32h7xx_hal_adc.o
                0x080046f4                HAL_ADC_Stop_DMA
 .text.ADC_ConfigureBoostMode
                0x08004778      0x164 ./Drivers/STM32H7xx_HAL_Driver/stm32h7xx_hal_adc.o
                0x08004778                ADC_ConfigureBoostMode
 .text.HAL_ADC_Init
                0x080048dc      0x258 ./Drivers/STM32H7xx_HAL_Driver/stm32h7xx_hal_adc.o
                0x080048dc                HAL_ADC_Init
 .text.HAL_ADCEx_MultiModeConfigChannel
                0x08004b34      0x150 ./Drivers/STM32H7xx_HAL_Driver/stm32h7xx_hal_adc_ex.o
                0x08004b34                HAL_ADCEx_MultiModeConfigChannel
 .text.__NVIC_EnableIRQ
                0x08004c84       0x1c ./Drivers/STM32H7xx_HAL_Driver/stm32h7xx_hal_cortex.o
 .text.__NVIC_SetPriority
                0x08004ca0       0x24 ./Drivers/STM32H7xx_HAL_Driver/stm32h7xx_hal_cortex.o
 .text.NVIC_EncodePriority
                0x08004cc4       0x3e ./Drivers/STM32H7xx_HAL_Driver/stm32h7xx_hal_cortex.o
 *fill*         0x08004d02        0x2 
 .text.HAL_NVIC_SetPriorityGrouping
                0x08004d04       0x24 ./Drivers/STM32H7xx_HAL_Driver/stm32h7xx_hal_cortex.o
                0x08004d04                HAL_NVIC_SetPriorityGrouping
 .text.HAL_NVIC_SetPriority
                0x08004d28       0x20 ./Drivers/STM32H7xx_HAL_Driver/stm32h7xx_hal_cortex.o
                0x08004d28                HAL_NVIC_SetPriority
 .text.HAL_NVIC_EnableIRQ
                0x08004d48        0x8 ./Drivers/STM32H7xx_HAL_Driver/stm32h7xx_hal_cortex.o
                0x08004d48                HAL_NVIC_EnableIRQ
 .text.HAL_SYSTICK_Config
                0x08004d50       0x28 ./Drivers/STM32H7xx_HAL_Driver/stm32h7xx_hal_cortex.o
                0x08004d50                HAL_SYSTICK_Config
 .text.HAL_DAC_Init
                0x08004d78       0x24 ./Drivers/STM32H7xx_HAL_Driver/stm32h7xx_hal_dac.o
                0x08004d78                HAL_DAC_Init
 .text.HAL_DAC_Start
                0x08004d9c       0x6e ./Drivers/STM32H7xx_HAL_Driver/stm32h7xx_hal_dac.o
                0x08004d9c                HAL_DAC_Start
 *fill*         0x08004e0a        0x2 
 .text.HAL_DAC_Start_DMA
                0x08004e0c       0xf0 ./Drivers/STM32H7xx_HAL_Driver/stm32h7xx_hal_dac.o
                0x08004e0c                HAL_DAC_Start_DMA
 .text.HAL_DAC_SetValue
                0x08004efc       0x34 ./Drivers/STM32H7xx_HAL_Driver/stm32h7xx_hal_dac.o
                0x08004efc                HAL_DAC_SetValue
 .text.HAL_DAC_ConvCpltCallbackCh1
                0x08004f30        0x2 ./Drivers/STM32H7xx_HAL_Driver/stm32h7xx_hal_dac.o
                0x08004f30                HAL_DAC_ConvCpltCallbackCh1
 .text.DAC_DMAConvCpltCh1
                0x08004f32       0x10 ./Drivers/STM32H7xx_HAL_Driver/stm32h7xx_hal_dac.o
                0x08004f32                DAC_DMAConvCpltCh1
 .text.HAL_DAC_ConvHalfCpltCallbackCh1
                0x08004f42        0x2 ./Drivers/STM32H7xx_HAL_Driver/stm32h7xx_hal_dac.o
                0x08004f42                HAL_DAC_ConvHalfCpltCallbackCh1
 .text.DAC_DMAHalfConvCpltCh1
                0x08004f44        0xa ./Drivers/STM32H7xx_HAL_Driver/stm32h7xx_hal_dac.o
                0x08004f44                DAC_DMAHalfConvCpltCh1
 .text.HAL_DAC_ErrorCallbackCh1
                0x08004f4e        0x2 ./Drivers/STM32H7xx_HAL_Driver/stm32h7xx_hal_dac.o
                0x08004f4e                HAL_DAC_ErrorCallbackCh1
 .text.DAC_DMAErrorCh1
                0x08004f50       0x18 ./Drivers/STM32H7xx_HAL_Driver/stm32h7xx_hal_dac.o
                0x08004f50                DAC_DMAErrorCh1
 .text.HAL_DAC_ConfigChannel
                0x08004f68      0x16c ./Drivers/STM32H7xx_HAL_Driver/stm32h7xx_hal_dac.o
                0x08004f68                HAL_DAC_ConfigChannel
 .text.HAL_DACEx_ConvCpltCallbackCh2
                0x080050d4        0x2 ./Drivers/STM32H7xx_HAL_Driver/stm32h7xx_hal_dac_ex.o
                0x080050d4                HAL_DACEx_ConvCpltCallbackCh2
 .text.DAC_DMAConvCpltCh2
                0x080050d6       0x10 ./Drivers/STM32H7xx_HAL_Driver/stm32h7xx_hal_dac_ex.o
                0x080050d6                DAC_DMAConvCpltCh2
 .text.HAL_DACEx_ConvHalfCpltCallbackCh2
                0x080050e6        0x2 ./Drivers/STM32H7xx_HAL_Driver/stm32h7xx_hal_dac_ex.o
                0x080050e6                HAL_DACEx_ConvHalfCpltCallbackCh2
 .text.DAC_DMAHalfConvCpltCh2
                0x080050e8        0xa ./Drivers/STM32H7xx_HAL_Driver/stm32h7xx_hal_dac_ex.o
                0x080050e8                DAC_DMAHalfConvCpltCh2
 .text.HAL_DACEx_ErrorCallbackCh2
                0x080050f2        0x2 ./Drivers/STM32H7xx_HAL_Driver/stm32h7xx_hal_dac_ex.o
                0x080050f2                HAL_DACEx_ErrorCallbackCh2
 .text.DAC_DMAErrorCh2
                0x080050f4       0x18 ./Drivers/STM32H7xx_HAL_Driver/stm32h7xx_hal_dac_ex.o
                0x080050f4                DAC_DMAErrorCh2
 .text.DMA_SetConfig
                0x0800510c      0x1b4 ./Drivers/STM32H7xx_HAL_Driver/stm32h7xx_hal_dma.o
 .text.DMA_CalcBaseAndBitshift
                0x080052c0       0xb4 ./Drivers/STM32H7xx_HAL_Driver/stm32h7xx_hal_dma.o
 .text.DMA_CheckFifoParam
                0x08005374       0x92 ./Drivers/STM32H7xx_HAL_Driver/stm32h7xx_hal_dma.o
 *fill*         0x08005406        0x2 
 .text.DMA_CalcDMAMUXChannelBaseAndMask
                0x08005408       0xac ./Drivers/STM32H7xx_HAL_Driver/stm32h7xx_hal_dma.o
 .text.DMA_CalcDMAMUXRequestGenBaseAndMask
                0x080054b4       0x7c ./Drivers/STM32H7xx_HAL_Driver/stm32h7xx_hal_dma.o
 .text.HAL_DMA_Init
                0x08005530      0x3a4 ./Drivers/STM32H7xx_HAL_Driver/stm32h7xx_hal_dma.o
                0x08005530                HAL_DMA_Init
 .text.HAL_DMA_Start_IT
                0x080058d4      0x298 ./Drivers/STM32H7xx_HAL_Driver/stm32h7xx_hal_dma.o
                0x080058d4                HAL_DMA_Start_IT
 .text.HAL_DMA_Abort
                0x08005b6c      0x340 ./Drivers/STM32H7xx_HAL_Driver/stm32h7xx_hal_dma.o
                0x08005b6c                HAL_DMA_Abort
 .text.HAL_DMA_IRQHandler
                0x08005eac      0x738 ./Drivers/STM32H7xx_HAL_Driver/stm32h7xx_hal_dma.o
                0x08005eac                HAL_DMA_IRQHandler
 .text.HAL_GPIO_Init
                0x080065e4      0x220 ./Drivers/STM32H7xx_HAL_Driver/stm32h7xx_hal_gpio.o
                0x080065e4                HAL_GPIO_Init
 .text.HAL_GPIO_WritePin
                0x08006804        0xc ./Drivers/STM32H7xx_HAL_Driver/stm32h7xx_hal_gpio.o
                0x08006804                HAL_GPIO_WritePin
 .text.HAL_HSEM_FastTake
                0x08006810       0x20 ./Drivers/STM32H7xx_HAL_Driver/stm32h7xx_hal_hsem.o
                0x08006810                HAL_HSEM_FastTake
 .text.HAL_HSEM_Release
                0x08006830       0x10 ./Drivers/STM32H7xx_HAL_Driver/stm32h7xx_hal_hsem.o
                0x08006830                HAL_HSEM_Release
 .text.HAL_PCD_Init
                0x08006840      0x102 ./Drivers/STM32H7xx_HAL_Driver/stm32h7xx_hal_pcd.o
                0x08006840                HAL_PCD_Init
 *fill*         0x08006942        0x2 
 .text.HAL_PCDEx_ActivateLPM
                0x08006944       0x28 ./Drivers/STM32H7xx_HAL_Driver/stm32h7xx_hal_pcd_ex.o
                0x08006944                HAL_PCDEx_ActivateLPM
 .text.HAL_PWREx_ConfigSupply
                0x0800696c       0x94 ./Drivers/STM32H7xx_HAL_Driver/stm32h7xx_hal_pwr_ex.o
                0x0800696c                HAL_PWREx_ConfigSupply
 .text.HAL_PWREx_EnableUSBVoltageDetector
                0x08006a00       0x10 ./Drivers/STM32H7xx_HAL_Driver/stm32h7xx_hal_pwr_ex.o
                0x08006a00                HAL_PWREx_EnableUSBVoltageDetector
 .text.HAL_RCC_OscConfig
                0x08006a10      0x6b4 ./Drivers/STM32H7xx_HAL_Driver/stm32h7xx_hal_rcc.o
                0x08006a10                HAL_RCC_OscConfig
 .text.HAL_RCC_MCOConfig
                0x080070c4       0xa4 ./Drivers/STM32H7xx_HAL_Driver/stm32h7xx_hal_rcc.o
                0x080070c4                HAL_RCC_MCOConfig
 .text.HAL_RCC_GetSysClockFreq
                0x08007168      0x1f4 ./Drivers/STM32H7xx_HAL_Driver/stm32h7xx_hal_rcc.o
                0x08007168                HAL_RCC_GetSysClockFreq
 .text.HAL_RCC_ClockConfig
                0x0800735c      0x294 ./Drivers/STM32H7xx_HAL_Driver/stm32h7xx_hal_rcc.o
                0x0800735c                HAL_RCC_ClockConfig
 .text.HAL_RCC_GetHCLKFreq
                0x080075f0       0x44 ./Drivers/STM32H7xx_HAL_Driver/stm32h7xx_hal_rcc.o
                0x080075f0                HAL_RCC_GetHCLKFreq
 .text.HAL_RCC_GetPCLK1Freq
                0x08007634       0x24 ./Drivers/STM32H7xx_HAL_Driver/stm32h7xx_hal_rcc.o
                0x08007634                HAL_RCC_GetPCLK1Freq
 .text.HAL_RCC_GetPCLK2Freq
                0x08007658       0x24 ./Drivers/STM32H7xx_HAL_Driver/stm32h7xx_hal_rcc.o
                0x08007658                HAL_RCC_GetPCLK2Freq
 .text.RCCEx_PLL2_Config
                0x0800767c      0x10c ./Drivers/STM32H7xx_HAL_Driver/stm32h7xx_hal_rcc_ex.o
 .text.RCCEx_PLL3_Config
                0x08007788      0x10c ./Drivers/STM32H7xx_HAL_Driver/stm32h7xx_hal_rcc_ex.o
 .text.HAL_RCCEx_PeriphCLKConfig
                0x08007894      0xa8c ./Drivers/STM32H7xx_HAL_Driver/stm32h7xx_hal_rcc_ex.o
                0x08007894                HAL_RCCEx_PeriphCLKConfig
 .text.HAL_RCCEx_GetD3PCLK1Freq
                0x08008320       0x24 ./Drivers/STM32H7xx_HAL_Driver/stm32h7xx_hal_rcc_ex.o
                0x08008320                HAL_RCCEx_GetD3PCLK1Freq
 .text.HAL_RCCEx_GetPLL2ClockFreq
                0x08008344      0x1fc ./Drivers/STM32H7xx_HAL_Driver/stm32h7xx_hal_rcc_ex.o
                0x08008344                HAL_RCCEx_GetPLL2ClockFreq
 .text.HAL_RCCEx_GetPLL3ClockFreq
                0x08008540      0x1fc ./Drivers/STM32H7xx_HAL_Driver/stm32h7xx_hal_rcc_ex.o
                0x08008540                HAL_RCCEx_GetPLL3ClockFreq
 .text.HAL_RCCEx_GetPLL1ClockFreq
                0x0800873c      0x1fc ./Drivers/STM32H7xx_HAL_Driver/stm32h7xx_hal_rcc_ex.o
                0x0800873c                HAL_RCCEx_GetPLL1ClockFreq
 .text.HAL_RCCEx_GetPeriphCLKFreq
                0x08008938      0x6d0 ./Drivers/STM32H7xx_HAL_Driver/stm32h7xx_hal_rcc_ex.o
                0x08008938                HAL_RCCEx_GetPeriphCLKFreq
 .text.HAL_RCCEx_EnableBootCore
                0x08009008       0x14 ./Drivers/STM32H7xx_HAL_Driver/stm32h7xx_hal_rcc_ex.o
                0x08009008                HAL_RCCEx_EnableBootCore
 .text.SPI_CloseTransfer
                0x0800901c       0xd0 ./Drivers/STM32H7xx_HAL_Driver/stm32h7xx_hal_spi.o
 .text.SPI_GetPacketSize
                0x080090ec       0x10 ./Drivers/STM32H7xx_HAL_Driver/stm32h7xx_hal_spi.o
 .text.SPI_WaitOnFlagUntilTimeout
                0x080090fc       0x48 ./Drivers/STM32H7xx_HAL_Driver/stm32h7xx_hal_spi.o
 .text.HAL_SPI_Init
                0x08009144      0x190 ./Drivers/STM32H7xx_HAL_Driver/stm32h7xx_hal_spi.o
                0x08009144                HAL_SPI_Init
 .text.HAL_SPI_TransmitReceive
                0x080092d4      0x494 ./Drivers/STM32H7xx_HAL_Driver/stm32h7xx_hal_spi.o
                0x080092d4                HAL_SPI_TransmitReceive
 .text.HAL_SPI_GetState
                0x08009768        0x6 ./Drivers/STM32H7xx_HAL_Driver/stm32h7xx_hal_spi.o
                0x08009768                HAL_SPI_GetState
 *fill*         0x0800976e        0x2 
 .text.TIM_OC1_SetConfig
                0x08009770       0xa4 ./Drivers/STM32H7xx_HAL_Driver/stm32h7xx_hal_tim.o
 .text.TIM_OC3_SetConfig
                0x08009814       0x94 ./Drivers/STM32H7xx_HAL_Driver/stm32h7xx_hal_tim.o
 .text.TIM_OC4_SetConfig
                0x080098a8       0x74 ./Drivers/STM32H7xx_HAL_Driver/stm32h7xx_hal_tim.o
 .text.TIM_OC5_SetConfig
                0x0800991c       0x74 ./Drivers/STM32H7xx_HAL_Driver/stm32h7xx_hal_tim.o
 .text.TIM_OC6_SetConfig
                0x08009990       0x74 ./Drivers/STM32H7xx_HAL_Driver/stm32h7xx_hal_tim.o
 .text.TIM_TI1_ConfigInputStage
                0x08009a04       0x26 ./Drivers/STM32H7xx_HAL_Driver/stm32h7xx_hal_tim.o
 .text.TIM_TI2_ConfigInputStage
                0x08009a2a       0x28 ./Drivers/STM32H7xx_HAL_Driver/stm32h7xx_hal_tim.o
 *fill*         0x08009a52        0x2 
 .text.TIM_ITRx_SetConfig
                0x08009a54       0x14 ./Drivers/STM32H7xx_HAL_Driver/stm32h7xx_hal_tim.o
 .text.HAL_TIM_Base_Start
                0x08009a68       0x88 ./Drivers/STM32H7xx_HAL_Driver/stm32h7xx_hal_tim.o
                0x08009a68                HAL_TIM_Base_Start
 .text.HAL_TIM_OC_MspInit
                0x08009af0        0x2 ./Drivers/STM32H7xx_HAL_Driver/stm32h7xx_hal_tim.o
                0x08009af0                HAL_TIM_OC_MspInit
 .text.HAL_TIM_PWM_MspInit
                0x08009af2        0x2 ./Drivers/STM32H7xx_HAL_Driver/stm32h7xx_hal_tim.o
                0x08009af2                HAL_TIM_PWM_MspInit
 .text.TIM_Base_SetConfig
                0x08009af4      0x114 ./Drivers/STM32H7xx_HAL_Driver/stm32h7xx_hal_tim.o
                0x08009af4                TIM_Base_SetConfig
 .text.HAL_TIM_Base_Init
                0x08009c08       0x60 ./Drivers/STM32H7xx_HAL_Driver/stm32h7xx_hal_tim.o
                0x08009c08                HAL_TIM_Base_Init
 .text.HAL_TIM_OC_Init
                0x08009c68       0x60 ./Drivers/STM32H7xx_HAL_Driver/stm32h7xx_hal_tim.o
                0x08009c68                HAL_TIM_OC_Init
 .text.HAL_TIM_PWM_Init
                0x08009cc8       0x60 ./Drivers/STM32H7xx_HAL_Driver/stm32h7xx_hal_tim.o
                0x08009cc8                HAL_TIM_PWM_Init
 .text.TIM_OC2_SetConfig
                0x08009d28       0x94 ./Drivers/STM32H7xx_HAL_Driver/stm32h7xx_hal_tim.o
                0x08009d28                TIM_OC2_SetConfig
 .text.HAL_TIM_OC_ConfigChannel
                0x08009dbc       0x7a ./Drivers/STM32H7xx_HAL_Driver/stm32h7xx_hal_tim.o
                0x08009dbc                HAL_TIM_OC_ConfigChannel
 .text.HAL_TIM_PWM_ConfigChannel
                0x08009e36      0x13a ./Drivers/STM32H7xx_HAL_Driver/stm32h7xx_hal_tim.o
                0x08009e36                HAL_TIM_PWM_ConfigChannel
 .text.TIM_ETR_SetConfig
                0x08009f70       0x1a ./Drivers/STM32H7xx_HAL_Driver/stm32h7xx_hal_tim.o
                0x08009f70                TIM_ETR_SetConfig
 *fill*         0x08009f8a        0x2 
 .text.HAL_TIM_ConfigClockSource
                0x08009f8c      0x138 ./Drivers/STM32H7xx_HAL_Driver/stm32h7xx_hal_tim.o
                0x08009f8c                HAL_TIM_ConfigClockSource
 .text.TIM_SlaveTimer_SetConfig
                0x0800a0c4      0x150 ./Drivers/STM32H7xx_HAL_Driver/stm32h7xx_hal_tim.o
 .text.HAL_TIM_SlaveConfigSynchro
                0x0800a214       0x52 ./Drivers/STM32H7xx_HAL_Driver/stm32h7xx_hal_tim.o
                0x0800a214                HAL_TIM_SlaveConfigSynchro
 .text.TIM_CCxChannelCmd
                0x0800a266       0x1e ./Drivers/STM32H7xx_HAL_Driver/stm32h7xx_hal_tim.o
                0x0800a266                TIM_CCxChannelCmd
 .text.HAL_TIM_OC_Start
                0x0800a284      0x170 ./Drivers/STM32H7xx_HAL_Driver/stm32h7xx_hal_tim.o
                0x0800a284                HAL_TIM_OC_Start
 .text.HAL_TIM_PWM_Start
                0x0800a3f4      0x170 ./Drivers/STM32H7xx_HAL_Driver/stm32h7xx_hal_tim.o
                0x0800a3f4                HAL_TIM_PWM_Start
 .text.HAL_TIMEx_MasterConfigSynchronization
                0x0800a564       0xa0 ./Drivers/STM32H7xx_HAL_Driver/stm32h7xx_hal_tim_ex.o
                0x0800a564                HAL_TIMEx_MasterConfigSynchronization
 .text.HAL_TIMEx_ConfigBreakDeadTime
                0x0800a604       0x90 ./Drivers/STM32H7xx_HAL_Driver/stm32h7xx_hal_tim_ex.o
                0x0800a604                HAL_TIMEx_ConfigBreakDeadTime
 .text.UART_EndRxTransfer
                0x0800a694       0x58 ./Drivers/STM32H7xx_HAL_Driver/stm32h7xx_hal_uart.o
 .text.UART_SetConfig
                0x0800a6ec      0x5f4 ./Drivers/STM32H7xx_HAL_Driver/stm32h7xx_hal_uart.o
                0x0800a6ec                UART_SetConfig
 .text.UART_AdvFeatureConfig
                0x0800ace0       0xca ./Drivers/STM32H7xx_HAL_Driver/stm32h7xx_hal_uart.o
                0x0800ace0                UART_AdvFeatureConfig
 .text.UART_WaitOnFlagUntilTimeout
                0x0800adaa       0xa6 ./Drivers/STM32H7xx_HAL_Driver/stm32h7xx_hal_uart.o
                0x0800adaa                UART_WaitOnFlagUntilTimeout
 .text.HAL_UART_Transmit
                0x0800ae50       0xd0 ./Drivers/STM32H7xx_HAL_Driver/stm32h7xx_hal_uart.o
                0x0800ae50                HAL_UART_Transmit
 .text.UART_CheckIdleState
                0x0800af20       0xca ./Drivers/STM32H7xx_HAL_Driver/stm32h7xx_hal_uart.o
                0x0800af20                UART_CheckIdleState
 .text.HAL_UART_Init
                0x0800afea       0x66 ./Drivers/STM32H7xx_HAL_Driver/stm32h7xx_hal_uart.o
                0x0800afea                HAL_UART_Init
 .text.UARTEx_SetNbDataToProcess
                0x0800b050       0x4c ./Drivers/STM32H7xx_HAL_Driver/stm32h7xx_hal_uart_ex.o
 .text.HAL_UARTEx_DisableFifoMode
                0x0800b09c       0x3e ./Drivers/STM32H7xx_HAL_Driver/stm32h7xx_hal_uart_ex.o
                0x0800b09c                HAL_UARTEx_DisableFifoMode
 .text.HAL_UARTEx_SetTxFifoThreshold
                0x0800b0da       0x4a ./Drivers/STM32H7xx_HAL_Driver/stm32h7xx_hal_uart_ex.o
                0x0800b0da                HAL_UARTEx_SetTxFifoThreshold
 .text.HAL_UARTEx_SetRxFifoThreshold
                0x0800b124       0x4a ./Drivers/STM32H7xx_HAL_Driver/stm32h7xx_hal_uart_ex.o
                0x0800b124                HAL_UARTEx_SetRxFifoThreshold
 .text.USB_CoreReset
                0x0800b16e       0x4a ./Drivers/STM32H7xx_HAL_Driver/stm32h7xx_ll_usb.o
 .text.USB_CoreInit
                0x0800b1b8       0xa4 ./Drivers/STM32H7xx_HAL_Driver/stm32h7xx_ll_usb.o
                0x0800b1b8                USB_CoreInit
 .text.USB_DisableGlobalInt
                0x0800b25c        0xc ./Drivers/STM32H7xx_HAL_Driver/stm32h7xx_ll_usb.o
                0x0800b25c                USB_DisableGlobalInt
 .text.USB_FlushTxFifo
                0x0800b268       0x4a ./Drivers/STM32H7xx_HAL_Driver/stm32h7xx_ll_usb.o
                0x0800b268                USB_FlushTxFifo
 .text.USB_FlushRxFifo
                0x0800b2b2       0x46 ./Drivers/STM32H7xx_HAL_Driver/stm32h7xx_ll_usb.o
                0x0800b2b2                USB_FlushRxFifo
 .text.USB_SetDevSpeed
                0x0800b2f8        0xe ./Drivers/STM32H7xx_HAL_Driver/stm32h7xx_ll_usb.o
                0x0800b2f8                USB_SetDevSpeed
 *fill*         0x0800b306        0x2 
 .text.USB_DevInit
                0x0800b308      0x18c ./Drivers/STM32H7xx_HAL_Driver/stm32h7xx_ll_usb.o
                0x0800b308                USB_DevInit
 .text.USB_DevDisconnect
                0x0800b494       0x1c ./Drivers/STM32H7xx_HAL_Driver/stm32h7xx_ll_usb.o
                0x0800b494                USB_DevDisconnect
 .text.USB_GetMode
                0x0800b4b0        0x8 ./Drivers/STM32H7xx_HAL_Driver/stm32h7xx_ll_usb.o
                0x0800b4b0                USB_GetMode
 .text.USB_SetCurrentMode
                0x0800b4b8       0x62 ./Drivers/STM32H7xx_HAL_Driver/stm32h7xx_ll_usb.o
                0x0800b4b8                USB_SetCurrentMode
 .text._ZdlPvj  0x0800b51a        0x4 C:/ST/STM32CubeIDE_1.16.0/STM32CubeIDE/plugins/com.st.stm32cube.ide.mcu.externaltools.gnu-tools-for-stm32.12.3.rel1.win32_1.0.200.202406191623/tools/bin/../lib/gcc/arm-none-eabi/12.3.1/../../../../arm-none-eabi/lib/thumb/v7e-m+dp/hard\libstdc++_nano.a(del_ops.o)
                0x0800b51a                operator delete(void*, unsigned int)
 .text._Znwj    0x0800b51e       0x22 C:/ST/STM32CubeIDE_1.16.0/STM32CubeIDE/plugins/com.st.stm32cube.ide.mcu.externaltools.gnu-tools-for-stm32.12.3.rel1.win32_1.0.200.202406191623/tools/bin/../lib/gcc/arm-none-eabi/12.3.1/../../../../arm-none-eabi/lib/thumb/v7e-m+dp/hard\libstdc++_nano.a(new_op.o)
                0x0800b51e                operator new(unsigned int)
 .text.unlikely._ZSt17__throw_bad_allocv
                0x0800b540        0x6 C:/ST/STM32CubeIDE_1.16.0/STM32CubeIDE/plugins/com.st.stm32cube.ide.mcu.externaltools.gnu-tools-for-stm32.12.3.rel1.win32_1.0.200.202406191623/tools/bin/../lib/gcc/arm-none-eabi/12.3.1/../../../../arm-none-eabi/lib/thumb/v7e-m+dp/hard\libstdc++_nano.a(functexcept.o)
                0x0800b540                std::__throw_bad_alloc()
 .text.unlikely._ZSt28__throw_bad_array_new_lengthv
                0x0800b546        0x6 C:/ST/STM32CubeIDE_1.16.0/STM32CubeIDE/plugins/com.st.stm32cube.ide.mcu.externaltools.gnu-tools-for-stm32.12.3.rel1.win32_1.0.200.202406191623/tools/bin/../lib/gcc/arm-none-eabi/12.3.1/../../../../arm-none-eabi/lib/thumb/v7e-m+dp/hard\libstdc++_nano.a(functexcept.o)
                0x0800b546                std::__throw_bad_array_new_length()
 .text.unlikely._ZSt20__throw_length_errorPKc
                0x0800b54c        0x6 C:/ST/STM32CubeIDE_1.16.0/STM32CubeIDE/plugins/com.st.stm32cube.ide.mcu.externaltools.gnu-tools-for-stm32.12.3.rel1.win32_1.0.200.202406191623/tools/bin/../lib/gcc/arm-none-eabi/12.3.1/../../../../arm-none-eabi/lib/thumb/v7e-m+dp/hard\libstdc++_nano.a(functexcept.o)
                0x0800b54c                std::__throw_length_error(char const*)
 .text._ZdlPv   0x0800b552        0x4 C:/ST/STM32CubeIDE_1.16.0/STM32CubeIDE/plugins/com.st.stm32cube.ide.mcu.externaltools.gnu-tools-for-stm32.12.3.rel1.win32_1.0.200.202406191623/tools/bin/../lib/gcc/arm-none-eabi/12.3.1/../../../../arm-none-eabi/lib/thumb/v7e-m+dp/hard\libstdc++_nano.a(del_op.o)
                0x0800b552                operator delete(void*)
 *fill*         0x0800b556        0x2 
 .text._ZSt15get_new_handlerv
                0x0800b558       0x10 C:/ST/STM32CubeIDE_1.16.0/STM32CubeIDE/plugins/com.st.stm32cube.ide.mcu.externaltools.gnu-tools-for-stm32.12.3.rel1.win32_1.0.200.202406191623/tools/bin/../lib/gcc/arm-none-eabi/12.3.1/../../../../arm-none-eabi/lib/thumb/v7e-m+dp/hard\libstdc++_nano.a(new_handler.o)
                0x0800b558                std::get_new_handler()
 .text.fmodf    0x0800b568       0x40 C:/ST/STM32CubeIDE_1.16.0/STM32CubeIDE/plugins/com.st.stm32cube.ide.mcu.externaltools.gnu-tools-for-stm32.12.3.rel1.win32_1.0.200.202406191623/tools/bin/../lib/gcc/arm-none-eabi/12.3.1/../../../../arm-none-eabi/lib/thumb/v7e-m+dp/hard\libm.a(libm_a-wf_fmod.o)
                0x0800b568                fmodf
 .text.sinf_poly
                0x0800b5a8       0x54 C:/ST/STM32CubeIDE_1.16.0/STM32CubeIDE/plugins/com.st.stm32cube.ide.mcu.externaltools.gnu-tools-for-stm32.12.3.rel1.win32_1.0.200.202406191623/tools/bin/../lib/gcc/arm-none-eabi/12.3.1/../../../../arm-none-eabi/lib/thumb/v7e-m+dp/hard\libm.a(libm_a-sinf.o)
 *fill*         0x0800b5fc        0x4 
 .text.sinf     0x0800b600      0x130 C:/ST/STM32CubeIDE_1.16.0/STM32CubeIDE/plugins/com.st.stm32cube.ide.mcu.externaltools.gnu-tools-for-stm32.12.3.rel1.win32_1.0.200.202406191623/tools/bin/../lib/gcc/arm-none-eabi/12.3.1/../../../../arm-none-eabi/lib/thumb/v7e-m+dp/hard\libm.a(libm_a-sinf.o)
                0x0800b600                sinf
 .text.sinf_poly
                0x0800b730       0x54 C:/ST/STM32CubeIDE_1.16.0/STM32CubeIDE/plugins/com.st.stm32cube.ide.mcu.externaltools.gnu-tools-for-stm32.12.3.rel1.win32_1.0.200.202406191623/tools/bin/../lib/gcc/arm-none-eabi/12.3.1/../../../../arm-none-eabi/lib/thumb/v7e-m+dp/hard\libm.a(libm_a-cosf.o)
 *fill*         0x0800b784        0x4 
 .text.cosf     0x0800b788      0x140 C:/ST/STM32CubeIDE_1.16.0/STM32CubeIDE/plugins/com.st.stm32cube.ide.mcu.externaltools.gnu-tools-for-stm32.12.3.rel1.win32_1.0.200.202406191623/tools/bin/../lib/gcc/arm-none-eabi/12.3.1/../../../../arm-none-eabi/lib/thumb/v7e-m+dp/hard\libm.a(libm_a-cosf.o)
                0x0800b788                cosf
 .text.with_errnof
                0x0800b8c8       0x1c C:/ST/STM32CubeIDE_1.16.0/STM32CubeIDE/plugins/com.st.stm32cube.ide.mcu.externaltools.gnu-tools-for-stm32.12.3.rel1.win32_1.0.200.202406191623/tools/bin/../lib/gcc/arm-none-eabi/12.3.1/../../../../arm-none-eabi/lib/thumb/v7e-m+dp/hard\libm.a(libm_a-math_errf.o)
 .text.__math_invalidf
                0x0800b8e4       0x1e C:/ST/STM32CubeIDE_1.16.0/STM32CubeIDE/plugins/com.st.stm32cube.ide.mcu.externaltools.gnu-tools-for-stm32.12.3.rel1.win32_1.0.200.202406191623/tools/bin/../lib/gcc/arm-none-eabi/12.3.1/../../../../arm-none-eabi/lib/thumb/v7e-m+dp/hard\libm.a(libm_a-math_errf.o)
                0x0800b8e4                __math_invalidf
 *fill*         0x0800b902        0x2 
 .text.__ieee754_fmodf
                0x0800b904      0x104 C:/ST/STM32CubeIDE_1.16.0/STM32CubeIDE/plugins/com.st.stm32cube.ide.mcu.externaltools.gnu-tools-for-stm32.12.3.rel1.win32_1.0.200.202406191623/tools/bin/../lib/gcc/arm-none-eabi/12.3.1/../../../../arm-none-eabi/lib/thumb/v7e-m+dp/hard\libm.a(libm_a-ef_fmod.o)
                0x0800b904                __ieee754_fmodf
 .text.abort    0x0800ba08        0xe C:/ST/STM32CubeIDE_1.16.0/STM32CubeIDE/plugins/com.st.stm32cube.ide.mcu.externaltools.gnu-tools-for-stm32.12.3.rel1.win32_1.0.200.202406191623/tools/bin/../lib/gcc/arm-none-eabi/12.3.1/../../../../arm-none-eabi/lib/thumb/v7e-m+dp/hard\libc_nano.a(libc_a-abort.o)
                0x0800ba08                abort
 *fill*         0x0800ba16        0x2 
 .text.malloc   0x0800ba18       0x10 C:/ST/STM32CubeIDE_1.16.0/STM32CubeIDE/plugins/com.st.stm32cube.ide.mcu.externaltools.gnu-tools-for-stm32.12.3.rel1.win32_1.0.200.202406191623/tools/bin/../lib/gcc/arm-none-eabi/12.3.1/../../../../arm-none-eabi/lib/thumb/v7e-m+dp/hard\libc_nano.a(libc_a-malloc.o)
                0x0800ba18                malloc
 .text.free     0x0800ba28       0x10 C:/ST/STM32CubeIDE_1.16.0/STM32CubeIDE/plugins/com.st.stm32cube.ide.mcu.externaltools.gnu-tools-for-stm32.12.3.rel1.win32_1.0.200.202406191623/tools/bin/../lib/gcc/arm-none-eabi/12.3.1/../../../../arm-none-eabi/lib/thumb/v7e-m+dp/hard\libc_nano.a(libc_a-malloc.o)
                0x0800ba28                free
 .text.sbrk_aligned
                0x0800ba38       0x44 C:/ST/STM32CubeIDE_1.16.0/STM32CubeIDE/plugins/com.st.stm32cube.ide.mcu.externaltools.gnu-tools-for-stm32.12.3.rel1.win32_1.0.200.202406191623/tools/bin/../lib/gcc/arm-none-eabi/12.3.1/../../../../arm-none-eabi/lib/thumb/v7e-m+dp/hard\libc_nano.a(libc_a-mallocr.o)
 .text._malloc_r
                0x0800ba7c      0x100 C:/ST/STM32CubeIDE_1.16.0/STM32CubeIDE/plugins/com.st.stm32cube.ide.mcu.externaltools.gnu-tools-for-stm32.12.3.rel1.win32_1.0.200.202406191623/tools/bin/../lib/gcc/arm-none-eabi/12.3.1/../../../../arm-none-eabi/lib/thumb/v7e-m+dp/hard\libc_nano.a(libc_a-mallocr.o)
                0x0800ba7c                _malloc_r
 .text.__malloc_lock
                0x0800bb7c        0xc C:/ST/STM32CubeIDE_1.16.0/STM32CubeIDE/plugins/com.st.stm32cube.ide.mcu.externaltools.gnu-tools-for-stm32.12.3.rel1.win32_1.0.200.202406191623/tools/bin/../lib/gcc/arm-none-eabi/12.3.1/../../../../arm-none-eabi/lib/thumb/v7e-m+dp/hard\libc_nano.a(libc_a-mlock.o)
                0x0800bb7c                __malloc_lock
 .text.__malloc_unlock
                0x0800bb88        0xc C:/ST/STM32CubeIDE_1.16.0/STM32CubeIDE/plugins/com.st.stm32cube.ide.mcu.externaltools.gnu-tools-for-stm32.12.3.rel1.win32_1.0.200.202406191623/tools/bin/../lib/gcc/arm-none-eabi/12.3.1/../../../../arm-none-eabi/lib/thumb/v7e-m+dp/hard\libc_nano.a(libc_a-mlock.o)
                0x0800bb88                __malloc_unlock
 .text.__cvt    0x0800bb94       0xa8 C:/ST/STM32CubeIDE_1.16.0/STM32CubeIDE/plugins/com.st.stm32cube.ide.mcu.externaltools.gnu-tools-for-stm32.12.3.rel1.win32_1.0.200.202406191623/tools/bin/../lib/gcc/arm-none-eabi/12.3.1/../../../../arm-none-eabi/lib/thumb/v7e-m+dp/hard\libc_nano.a(libc_a-nano-vfprintf_float.o)
                0x0800bb94                __cvt
 .text.__exponent
                0x0800bc3c       0x74 C:/ST/STM32CubeIDE_1.16.0/STM32CubeIDE/plugins/com.st.stm32cube.ide.mcu.externaltools.gnu-tools-for-stm32.12.3.rel1.win32_1.0.200.202406191623/tools/bin/../lib/gcc/arm-none-eabi/12.3.1/../../../../arm-none-eabi/lib/thumb/v7e-m+dp/hard\libc_nano.a(libc_a-nano-vfprintf_float.o)
                0x0800bc3c                __exponent
 .text._printf_float
                0x0800bcb0      0x434 C:/ST/STM32CubeIDE_1.16.0/STM32CubeIDE/plugins/com.st.stm32cube.ide.mcu.externaltools.gnu-tools-for-stm32.12.3.rel1.win32_1.0.200.202406191623/tools/bin/../lib/gcc/arm-none-eabi/12.3.1/../../../../arm-none-eabi/lib/thumb/v7e-m+dp/hard\libc_nano.a(libc_a-nano-vfprintf_float.o)
                0x0800bcb0                _printf_float
 .text._printf_common
                0x0800c0e4       0xda C:/ST/STM32CubeIDE_1.16.0/STM32CubeIDE/plugins/com.st.stm32cube.ide.mcu.externaltools.gnu-tools-for-stm32.12.3.rel1.win32_1.0.200.202406191623/tools/bin/../lib/gcc/arm-none-eabi/12.3.1/../../../../arm-none-eabi/lib/thumb/v7e-m+dp/hard\libc_nano.a(libc_a-nano-vfprintf_i.o)
                0x0800c0e4                _printf_common
 *fill*         0x0800c1be        0x2 
 .text._printf_i
                0x0800c1c0      0x240 C:/ST/STM32CubeIDE_1.16.0/STM32CubeIDE/plugins/com.st.stm32cube.ide.mcu.externaltools.gnu-tools-for-stm32.12.3.rel1.win32_1.0.200.202406191623/tools/bin/../lib/gcc/arm-none-eabi/12.3.1/../../../../arm-none-eabi/lib/thumb/v7e-m+dp/hard\libc_nano.a(libc_a-nano-vfprintf_i.o)
                0x0800c1c0                _printf_i
 .text.std      0x0800c400       0x6c C:/ST/STM32CubeIDE_1.16.0/STM32CubeIDE/plugins/com.st.stm32cube.ide.mcu.externaltools.gnu-tools-for-stm32.12.3.rel1.win32_1.0.200.202406191623/tools/bin/../lib/gcc/arm-none-eabi/12.3.1/../../../../arm-none-eabi/lib/thumb/v7e-m+dp/hard\libc_nano.a(libc_a-findfp.o)
 .text.stdio_exit_handler
                0x0800c46c       0x18 C:/ST/STM32CubeIDE_1.16.0/STM32CubeIDE/plugins/com.st.stm32cube.ide.mcu.externaltools.gnu-tools-for-stm32.12.3.rel1.win32_1.0.200.202406191623/tools/bin/../lib/gcc/arm-none-eabi/12.3.1/../../../../arm-none-eabi/lib/thumb/v7e-m+dp/hard\libc_nano.a(libc_a-findfp.o)
 .text.cleanup_stdio
                0x0800c484       0x40 C:/ST/STM32CubeIDE_1.16.0/STM32CubeIDE/plugins/com.st.stm32cube.ide.mcu.externaltools.gnu-tools-for-stm32.12.3.rel1.win32_1.0.200.202406191623/tools/bin/../lib/gcc/arm-none-eabi/12.3.1/../../../../arm-none-eabi/lib/thumb/v7e-m+dp/hard\libc_nano.a(libc_a-findfp.o)
 .text.global_stdio_init.part.0
                0x0800c4c4       0x3c C:/ST/STM32CubeIDE_1.16.0/STM32CubeIDE/plugins/com.st.stm32cube.ide.mcu.externaltools.gnu-tools-for-stm32.12.3.rel1.win32_1.0.200.202406191623/tools/bin/../lib/gcc/arm-none-eabi/12.3.1/../../../../arm-none-eabi/lib/thumb/v7e-m+dp/hard\libc_nano.a(libc_a-findfp.o)
 .text.__sfp_lock_acquire
                0x0800c500        0xc C:/ST/STM32CubeIDE_1.16.0/STM32CubeIDE/plugins/com.st.stm32cube.ide.mcu.externaltools.gnu-tools-for-stm32.12.3.rel1.win32_1.0.200.202406191623/tools/bin/../lib/gcc/arm-none-eabi/12.3.1/../../../../arm-none-eabi/lib/thumb/v7e-m+dp/hard\libc_nano.a(libc_a-findfp.o)
                0x0800c500                __sfp_lock_acquire
 .text.__sfp_lock_release
                0x0800c50c        0xc C:/ST/STM32CubeIDE_1.16.0/STM32CubeIDE/plugins/com.st.stm32cube.ide.mcu.externaltools.gnu-tools-for-stm32.12.3.rel1.win32_1.0.200.202406191623/tools/bin/../lib/gcc/arm-none-eabi/12.3.1/../../../../arm-none-eabi/lib/thumb/v7e-m+dp/hard\libc_nano.a(libc_a-findfp.o)
                0x0800c50c                __sfp_lock_release
 .text.__sinit  0x0800c518       0x30 C:/ST/STM32CubeIDE_1.16.0/STM32CubeIDE/plugins/com.st.stm32cube.ide.mcu.externaltools.gnu-tools-for-stm32.12.3.rel1.win32_1.0.200.202406191623/tools/bin/../lib/gcc/arm-none-eabi/12.3.1/../../../../arm-none-eabi/lib/thumb/v7e-m+dp/hard\libc_nano.a(libc_a-findfp.o)
                0x0800c518                __sinit
 .text._fwalk_sglue
                0x0800c548       0x3c C:/ST/STM32CubeIDE_1.16.0/STM32CubeIDE/plugins/com.st.stm32cube.ide.mcu.externaltools.gnu-tools-for-stm32.12.3.rel1.win32_1.0.200.202406191623/tools/bin/../lib/gcc/arm-none-eabi/12.3.1/../../../../arm-none-eabi/lib/thumb/v7e-m+dp/hard\libc_nano.a(libc_a-fwalk.o)
                0x0800c548                _fwalk_sglue
 .text.printf   0x0800c584       0x24 C:/ST/STM32CubeIDE_1.16.0/STM32CubeIDE/plugins/com.st.stm32cube.ide.mcu.externaltools.gnu-tools-for-stm32.12.3.rel1.win32_1.0.200.202406191623/tools/bin/../lib/gcc/arm-none-eabi/12.3.1/../../../../arm-none-eabi/lib/thumb/v7e-m+dp/hard\libc_nano.a(libc_a-printf.o)
                0x0800c584                iprintf
                0x0800c584                printf
 .text._puts_r  0x0800c5a8       0xaa C:/ST/STM32CubeIDE_1.16.0/STM32CubeIDE/plugins/com.st.stm32cube.ide.mcu.externaltools.gnu-tools-for-stm32.12.3.rel1.win32_1.0.200.202406191623/tools/bin/../lib/gcc/arm-none-eabi/12.3.1/../../../../arm-none-eabi/lib/thumb/v7e-m+dp/hard\libc_nano.a(libc_a-puts.o)
                0x0800c5a8                _puts_r
 *fill*         0x0800c652        0x2 
 .text.puts     0x0800c654       0x10 C:/ST/STM32CubeIDE_1.16.0/STM32CubeIDE/plugins/com.st.stm32cube.ide.mcu.externaltools.gnu-tools-for-stm32.12.3.rel1.win32_1.0.200.202406191623/tools/bin/../lib/gcc/arm-none-eabi/12.3.1/../../../../arm-none-eabi/lib/thumb/v7e-m+dp/hard\libc_nano.a(libc_a-puts.o)
                0x0800c654                puts
 .text.sprintf  0x0800c664       0x40 C:/ST/STM32CubeIDE_1.16.0/STM32CubeIDE/plugins/com.st.stm32cube.ide.mcu.externaltools.gnu-tools-for-stm32.12.3.rel1.win32_1.0.200.202406191623/tools/bin/../lib/gcc/arm-none-eabi/12.3.1/../../../../arm-none-eabi/lib/thumb/v7e-m+dp/hard\libc_nano.a(libc_a-sprintf.o)
                0x0800c664                siprintf
                0x0800c664                sprintf
 .text.__sread  0x0800c6a4       0x22 C:/ST/STM32CubeIDE_1.16.0/STM32CubeIDE/plugins/com.st.stm32cube.ide.mcu.externaltools.gnu-tools-for-stm32.12.3.rel1.win32_1.0.200.202406191623/tools/bin/../lib/gcc/arm-none-eabi/12.3.1/../../../../arm-none-eabi/lib/thumb/v7e-m+dp/hard\libc_nano.a(libc_a-stdio.o)
                0x0800c6a4                __sread
 .text.__swrite
                0x0800c6c6       0x38 C:/ST/STM32CubeIDE_1.16.0/STM32CubeIDE/plugins/com.st.stm32cube.ide.mcu.externaltools.gnu-tools-for-stm32.12.3.rel1.win32_1.0.200.202406191623/tools/bin/../lib/gcc/arm-none-eabi/12.3.1/../../../../arm-none-eabi/lib/thumb/v7e-m+dp/hard\libc_nano.a(libc_a-stdio.o)
                0x0800c6c6                __swrite
 .text.__sseek  0x0800c6fe       0x24 C:/ST/STM32CubeIDE_1.16.0/STM32CubeIDE/plugins/com.st.stm32cube.ide.mcu.externaltools.gnu-tools-for-stm32.12.3.rel1.win32_1.0.200.202406191623/tools/bin/../lib/gcc/arm-none-eabi/12.3.1/../../../../arm-none-eabi/lib/thumb/v7e-m+dp/hard\libc_nano.a(libc_a-stdio.o)
                0x0800c6fe                __sseek
 .text.__sclose
                0x0800c722        0x8 C:/ST/STM32CubeIDE_1.16.0/STM32CubeIDE/plugins/com.st.stm32cube.ide.mcu.externaltools.gnu-tools-for-stm32.12.3.rel1.win32_1.0.200.202406191623/tools/bin/../lib/gcc/arm-none-eabi/12.3.1/../../../../arm-none-eabi/lib/thumb/v7e-m+dp/hard\libc_nano.a(libc_a-stdio.o)
                0x0800c722                __sclose
 .text.__swbuf_r
                0x0800c72a       0x7c C:/ST/STM32CubeIDE_1.16.0/STM32CubeIDE/plugins/com.st.stm32cube.ide.mcu.externaltools.gnu-tools-for-stm32.12.3.rel1.win32_1.0.200.202406191623/tools/bin/../lib/gcc/arm-none-eabi/12.3.1/../../../../arm-none-eabi/lib/thumb/v7e-m+dp/hard\libc_nano.a(libc_a-wbuf.o)
                0x0800c72a                __swbuf_r
 *fill*         0x0800c7a6        0x2 
 .text.__swsetup_r
                0x0800c7a8       0xac C:/ST/STM32CubeIDE_1.16.0/STM32CubeIDE/plugins/com.st.stm32cube.ide.mcu.externaltools.gnu-tools-for-stm32.12.3.rel1.win32_1.0.200.202406191623/tools/bin/../lib/gcc/arm-none-eabi/12.3.1/../../../../arm-none-eabi/lib/thumb/v7e-m+dp/hard\libc_nano.a(libc_a-wsetup.o)
                0x0800c7a8                __swsetup_r
 .text.memmove  0x0800c854       0x34 C:/ST/STM32CubeIDE_1.16.0/STM32CubeIDE/plugins/com.st.stm32cube.ide.mcu.externaltools.gnu-tools-for-stm32.12.3.rel1.win32_1.0.200.202406191623/tools/bin/../lib/gcc/arm-none-eabi/12.3.1/../../../../arm-none-eabi/lib/thumb/v7e-m+dp/hard\libc_nano.a(libc_a-memmove.o)
                0x0800c854                memmove
 .text.memset   0x0800c888       0x10 C:/ST/STM32CubeIDE_1.16.0/STM32CubeIDE/plugins/com.st.stm32cube.ide.mcu.externaltools.gnu-tools-for-stm32.12.3.rel1.win32_1.0.200.202406191623/tools/bin/../lib/gcc/arm-none-eabi/12.3.1/../../../../arm-none-eabi/lib/thumb/v7e-m+dp/hard\libc_nano.a(libc_a-memset.o)
                0x0800c888                memset
 .text._raise_r
                0x0800c898       0x50 C:/ST/STM32CubeIDE_1.16.0/STM32CubeIDE/plugins/com.st.stm32cube.ide.mcu.externaltools.gnu-tools-for-stm32.12.3.rel1.win32_1.0.200.202406191623/tools/bin/../lib/gcc/arm-none-eabi/12.3.1/../../../../arm-none-eabi/lib/thumb/v7e-m+dp/hard\libc_nano.a(libc_a-signal.o)
                0x0800c898                _raise_r
 .text.raise    0x0800c8e8       0x10 C:/ST/STM32CubeIDE_1.16.0/STM32CubeIDE/plugins/com.st.stm32cube.ide.mcu.externaltools.gnu-tools-for-stm32.12.3.rel1.win32_1.0.200.202406191623/tools/bin/../lib/gcc/arm-none-eabi/12.3.1/../../../../arm-none-eabi/lib/thumb/v7e-m+dp/hard\libc_nano.a(libc_a-signal.o)
                0x0800c8e8                raise
 .text._localeconv_r
                0x0800c8f8        0x8 C:/ST/STM32CubeIDE_1.16.0/STM32CubeIDE/plugins/com.st.stm32cube.ide.mcu.externaltools.gnu-tools-for-stm32.12.3.rel1.win32_1.0.200.202406191623/tools/bin/../lib/gcc/arm-none-eabi/12.3.1/../../../../arm-none-eabi/lib/thumb/v7e-m+dp/hard\libc_nano.a(libc_a-localeconv.o)
                0x0800c8f8                _localeconv_r
 .text._close_r
                0x0800c900       0x20 C:/ST/STM32CubeIDE_1.16.0/STM32CubeIDE/plugins/com.st.stm32cube.ide.mcu.externaltools.gnu-tools-for-stm32.12.3.rel1.win32_1.0.200.202406191623/tools/bin/../lib/gcc/arm-none-eabi/12.3.1/../../../../arm-none-eabi/lib/thumb/v7e-m+dp/hard\libc_nano.a(libc_a-closer.o)
                0x0800c900                _close_r
 .text._lseek_r
                0x0800c920       0x24 C:/ST/STM32CubeIDE_1.16.0/STM32CubeIDE/plugins/com.st.stm32cube.ide.mcu.externaltools.gnu-tools-for-stm32.12.3.rel1.win32_1.0.200.202406191623/tools/bin/../lib/gcc/arm-none-eabi/12.3.1/../../../../arm-none-eabi/lib/thumb/v7e-m+dp/hard\libc_nano.a(libc_a-lseekr.o)
                0x0800c920                _lseek_r
 .text._read_r  0x0800c944       0x24 C:/ST/STM32CubeIDE_1.16.0/STM32CubeIDE/plugins/com.st.stm32cube.ide.mcu.externaltools.gnu-tools-for-stm32.12.3.rel1.win32_1.0.200.202406191623/tools/bin/../lib/gcc/arm-none-eabi/12.3.1/../../../../arm-none-eabi/lib/thumb/v7e-m+dp/hard\libc_nano.a(libc_a-readr.o)
                0x0800c944                _read_r
 .text._kill_r  0x0800c968       0x24 C:/ST/STM32CubeIDE_1.16.0/STM32CubeIDE/plugins/com.st.stm32cube.ide.mcu.externaltools.gnu-tools-for-stm32.12.3.rel1.win32_1.0.200.202406191623/tools/bin/../lib/gcc/arm-none-eabi/12.3.1/../../../../arm-none-eabi/lib/thumb/v7e-m+dp/hard\libc_nano.a(libc_a-signalr.o)
                0x0800c968                _kill_r
 .text._getpid_r
                0x0800c98c        0x4 C:/ST/STM32CubeIDE_1.16.0/STM32CubeIDE/plugins/com.st.stm32cube.ide.mcu.externaltools.gnu-tools-for-stm32.12.3.rel1.win32_1.0.200.202406191623/tools/bin/../lib/gcc/arm-none-eabi/12.3.1/../../../../arm-none-eabi/lib/thumb/v7e-m+dp/hard\libc_nano.a(libc_a-signalr.o)
                0x0800c98c                _getpid_r
 .text._sbrk_r  0x0800c990       0x20 C:/ST/STM32CubeIDE_1.16.0/STM32CubeIDE/plugins/com.st.stm32cube.ide.mcu.externaltools.gnu-tools-for-stm32.12.3.rel1.win32_1.0.200.202406191623/tools/bin/../lib/gcc/arm-none-eabi/12.3.1/../../../../arm-none-eabi/lib/thumb/v7e-m+dp/hard\libc_nano.a(libc_a-sbrkr.o)
                0x0800c990                _sbrk_r
 .text._write_r
                0x0800c9b0       0x24 C:/ST/STM32CubeIDE_1.16.0/STM32CubeIDE/plugins/com.st.stm32cube.ide.mcu.externaltools.gnu-tools-for-stm32.12.3.rel1.win32_1.0.200.202406191623/tools/bin/../lib/gcc/arm-none-eabi/12.3.1/../../../../arm-none-eabi/lib/thumb/v7e-m+dp/hard\libc_nano.a(libc_a-writer.o)
                0x0800c9b0                _write_r
 .text.__errno  0x0800c9d4        0xc C:/ST/STM32CubeIDE_1.16.0/STM32CubeIDE/plugins/com.st.stm32cube.ide.mcu.externaltools.gnu-tools-for-stm32.12.3.rel1.win32_1.0.200.202406191623/tools/bin/../lib/gcc/arm-none-eabi/12.3.1/../../../../arm-none-eabi/lib/thumb/v7e-m+dp/hard\libc_nano.a(libc_a-errno.o)
                0x0800c9d4                __errno
 .text.__libc_init_array
                0x0800c9e0       0x48 C:/ST/STM32CubeIDE_1.16.0/STM32CubeIDE/plugins/com.st.stm32cube.ide.mcu.externaltools.gnu-tools-for-stm32.12.3.rel1.win32_1.0.200.202406191623/tools/bin/../lib/gcc/arm-none-eabi/12.3.1/../../../../arm-none-eabi/lib/thumb/v7e-m+dp/hard\libc_nano.a(libc_a-init.o)
                0x0800c9e0                __libc_init_array
 .text.__retarget_lock_init_recursive
                0x0800ca28        0x2 C:/ST/STM32CubeIDE_1.16.0/STM32CubeIDE/plugins/com.st.stm32cube.ide.mcu.externaltools.gnu-tools-for-stm32.12.3.rel1.win32_1.0.200.202406191623/tools/bin/../lib/gcc/arm-none-eabi/12.3.1/../../../../arm-none-eabi/lib/thumb/v7e-m+dp/hard\libc_nano.a(libc_a-lock.o)
                0x0800ca28                __retarget_lock_init_recursive
 .text.__retarget_lock_acquire_recursive
                0x0800ca2a        0x2 C:/ST/STM32CubeIDE_1.16.0/STM32CubeIDE/plugins/com.st.stm32cube.ide.mcu.externaltools.gnu-tools-for-stm32.12.3.rel1.win32_1.0.200.202406191623/tools/bin/../lib/gcc/arm-none-eabi/12.3.1/../../../../arm-none-eabi/lib/thumb/v7e-m+dp/hard\libc_nano.a(libc_a-lock.o)
                0x0800ca2a                __retarget_lock_acquire_recursive
 .text.__retarget_lock_release_recursive
                0x0800ca2c        0x2 C:/ST/STM32CubeIDE_1.16.0/STM32CubeIDE/plugins/com.st.stm32cube.ide.mcu.externaltools.gnu-tools-for-stm32.12.3.rel1.win32_1.0.200.202406191623/tools/bin/../lib/gcc/arm-none-eabi/12.3.1/../../../../arm-none-eabi/lib/thumb/v7e-m+dp/hard\libc_nano.a(libc_a-lock.o)
                0x0800ca2c                __retarget_lock_release_recursive
 .text.quorem   0x0800ca2e      0x110 C:/ST/STM32CubeIDE_1.16.0/STM32CubeIDE/plugins/com.st.stm32cube.ide.mcu.externaltools.gnu-tools-for-stm32.12.3.rel1.win32_1.0.200.202406191623/tools/bin/../lib/gcc/arm-none-eabi/12.3.1/../../../../arm-none-eabi/lib/thumb/v7e-m+dp/hard\libc_nano.a(libc_a-dtoa.o)
 *fill*         0x0800cb3e        0x2 
 .text._dtoa_r  0x0800cb40      0xaac C:/ST/STM32CubeIDE_1.16.0/STM32CubeIDE/plugins/com.st.stm32cube.ide.mcu.externaltools.gnu-tools-for-stm32.12.3.rel1.win32_1.0.200.202406191623/tools/bin/../lib/gcc/arm-none-eabi/12.3.1/../../../../arm-none-eabi/lib/thumb/v7e-m+dp/hard\libc_nano.a(libc_a-dtoa.o)
                0x0800cb40                _dtoa_r
 .text._free_r  0x0800d5ec       0x94 C:/ST/STM32CubeIDE_1.16.0/STM32CubeIDE/plugins/com.st.stm32cube.ide.mcu.externaltools.gnu-tools-for-stm32.12.3.rel1.win32_1.0.200.202406191623/tools/bin/../lib/gcc/arm-none-eabi/12.3.1/../../../../arm-none-eabi/lib/thumb/v7e-m+dp/hard\libc_nano.a(libc_a-freer.o)
                0x0800d5ec                _free_r
 .text._Balloc  0x0800d680       0x80 C:/ST/STM32CubeIDE_1.16.0/STM32CubeIDE/plugins/com.st.stm32cube.ide.mcu.externaltools.gnu-tools-for-stm32.12.3.rel1.win32_1.0.200.202406191623/tools/bin/../lib/gcc/arm-none-eabi/12.3.1/../../../../arm-none-eabi/lib/thumb/v7e-m+dp/hard\libc_nano.a(libc_a-mprec.o)
                0x0800d680                _Balloc
 .text._Bfree   0x0800d700       0x44 C:/ST/STM32CubeIDE_1.16.0/STM32CubeIDE/plugins/com.st.stm32cube.ide.mcu.externaltools.gnu-tools-for-stm32.12.3.rel1.win32_1.0.200.202406191623/tools/bin/../lib/gcc/arm-none-eabi/12.3.1/../../../../arm-none-eabi/lib/thumb/v7e-m+dp/hard\libc_nano.a(libc_a-mprec.o)
                0x0800d700                _Bfree
 .text.__multadd
                0x0800d744       0x8c C:/ST/STM32CubeIDE_1.16.0/STM32CubeIDE/plugins/com.st.stm32cube.ide.mcu.externaltools.gnu-tools-for-stm32.12.3.rel1.win32_1.0.200.202406191623/tools/bin/../lib/gcc/arm-none-eabi/12.3.1/../../../../arm-none-eabi/lib/thumb/v7e-m+dp/hard\libc_nano.a(libc_a-mprec.o)
                0x0800d744                __multadd
 .text.__hi0bits
                0x0800d7d0       0x3e C:/ST/STM32CubeIDE_1.16.0/STM32CubeIDE/plugins/com.st.stm32cube.ide.mcu.externaltools.gnu-tools-for-stm32.12.3.rel1.win32_1.0.200.202406191623/tools/bin/../lib/gcc/arm-none-eabi/12.3.1/../../../../arm-none-eabi/lib/thumb/v7e-m+dp/hard\libc_nano.a(libc_a-mprec.o)
                0x0800d7d0                __hi0bits
 .text.__lo0bits
                0x0800d80e       0x5a C:/ST/STM32CubeIDE_1.16.0/STM32CubeIDE/plugins/com.st.stm32cube.ide.mcu.externaltools.gnu-tools-for-stm32.12.3.rel1.win32_1.0.200.202406191623/tools/bin/../lib/gcc/arm-none-eabi/12.3.1/../../../../arm-none-eabi/lib/thumb/v7e-m+dp/hard\libc_nano.a(libc_a-mprec.o)
                0x0800d80e                __lo0bits
 .text.__i2b    0x0800d868       0x2c C:/ST/STM32CubeIDE_1.16.0/STM32CubeIDE/plugins/com.st.stm32cube.ide.mcu.externaltools.gnu-tools-for-stm32.12.3.rel1.win32_1.0.200.202406191623/tools/bin/../lib/gcc/arm-none-eabi/12.3.1/../../../../arm-none-eabi/lib/thumb/v7e-m+dp/hard\libc_nano.a(libc_a-mprec.o)
                0x0800d868                __i2b
 .text.__multiply
                0x0800d894      0x154 C:/ST/STM32CubeIDE_1.16.0/STM32CubeIDE/plugins/com.st.stm32cube.ide.mcu.externaltools.gnu-tools-for-stm32.12.3.rel1.win32_1.0.200.202406191623/tools/bin/../lib/gcc/arm-none-eabi/12.3.1/../../../../arm-none-eabi/lib/thumb/v7e-m+dp/hard\libc_nano.a(libc_a-mprec.o)
                0x0800d894                __multiply
 .text.__pow5mult
                0x0800d9e8       0xb4 C:/ST/STM32CubeIDE_1.16.0/STM32CubeIDE/plugins/com.st.stm32cube.ide.mcu.externaltools.gnu-tools-for-stm32.12.3.rel1.win32_1.0.200.202406191623/tools/bin/../lib/gcc/arm-none-eabi/12.3.1/../../../../arm-none-eabi/lib/thumb/v7e-m+dp/hard\libc_nano.a(libc_a-mprec.o)
                0x0800d9e8                __pow5mult
 .text.__lshift
                0x0800da9c       0xd8 C:/ST/STM32CubeIDE_1.16.0/STM32CubeIDE/plugins/com.st.stm32cube.ide.mcu.externaltools.gnu-tools-for-stm32.12.3.rel1.win32_1.0.200.202406191623/tools/bin/../lib/gcc/arm-none-eabi/12.3.1/../../../../arm-none-eabi/lib/thumb/v7e-m+dp/hard\libc_nano.a(libc_a-mprec.o)
                0x0800da9c                __lshift
 .text.__mcmp   0x0800db74       0x36 C:/ST/STM32CubeIDE_1.16.0/STM32CubeIDE/plugins/com.st.stm32cube.ide.mcu.externaltools.gnu-tools-for-stm32.12.3.rel1.win32_1.0.200.202406191623/tools/bin/../lib/gcc/arm-none-eabi/12.3.1/../../../../arm-none-eabi/lib/thumb/v7e-m+dp/hard\libc_nano.a(libc_a-mprec.o)