../../Drivers/CMSIS/Include/core_cm7.h:2660:26:ITM_SendChar	4
../Core/Src/main.c:984:13:MX_GPIO_Init	1
../Core/Src/main.c:62:6:Fill_DAC_Buffer	2
../Core/Src/main.c:90:5:__io_putchar	1
../Core/Src/main.c:182:5:_write	2
../Core/Src/main.c:189:6:ITM_Init	1
../Core/Src/main.c:1073:6:Error_Handler	1
../Core/Src/main.c:165:6:Start_DAC_DMA	1
../Core/Src/main.c:122:13:MX_DMA_Init	1
../Core/Src/main.c:385:13:MX_ADC1_Init	1
../Core/Src/main.c:470:13:MX_DAC1_Init	1
../Core/Src/main.c:883:13:MX_USART3_UART_Init	1
../Core/Src/main.c:931:13:MX_USB_OTG_FS_PCD_Init	1
../Core/Src/main.c:835:13:MX_USART2_UART_Init	1
../Core/Src/main.c:517:13:MX_SPI2_Init	1
../Core/Src/main.c:654:13:MX_TIM2_Init	1
../Core/Src/main.c:325:6:SystemClock_Config	2
../Core/Src/main.c:565:7:MX_TIM1_Init	1
../Core/Src/main.c:729:7:MX_TIM8_Init	1
../Core/Src/main.c:204:5:main	5
