../../Drivers/CMSIS/Include/core_cm7.h:2660:26:ITM_SendChar	0	static,ignoring_inline_asm
../Core/Src/main_aug30.c:984:13:MX_GPIO_Init	72	static
../Core/Src/main_aug30.c:62:1:Fill_DAC_Buffer	0	static
../Core/Src/main_aug30.c:90:5:__io_putchar	16	static
../Core/Src/main_aug30.c:182:5:_write	16	static
../Core/Src/main_aug30.c:189:6:ITM_Init	0	static
../Core/Src/main_aug30.c:1073:6:Error_Handler	0	static,ignoring_inline_asm
../Core/Src/main_aug30.c:165:6:Start_DAC_DMA	16	static
../Core/Src/main_aug30.c:122:13:MX_DMA_Init	16	static
../Core/Src/main_aug30.c:385:13:MX_ADC1_Init	48	static
../Core/Src/main_aug30.c:470:13:MX_DAC1_Init	48	static
../Core/Src/main_aug30.c:883:13:MX_USART3_UART_Init	8	static
../Core/Src/main_aug30.c:931:13:MX_USB_OTG_FS_PCD_Init	8	static
../Core/Src/main_aug30.c:835:13:MX_USART2_UART_Init	8	static
../Core/Src/main_aug30.c:517:13:MX_SPI2_Init	8	static
../Core/Src/main_aug30.c:654:13:MX_TIM2_Init	64	static
../Core/Src/main_aug30.c:325:6:SystemClock_Config	120	static
../Core/Src/main_aug30.c:565:7:MX_TIM1_Init	120	static
../Core/Src/main_aug30.c:729:7:MX_TIM8_Init	136	static
../Core/Src/main_aug30.c:204:5:main	16	static
