../Core/Src/stm32h7xx_hal_msp.c:78:6:HAL_MspInit	16	static
../Core/Src/stm32h7xx_hal_msp.c:116:6:HAL_ADC_MspInit	248	static
../Core/Src/stm32h7xx_hal_msp.c:195:6:HAL_ADC_MspDeInit	8	static
../Core/Src/stm32h7xx_hal_msp.c:228:6:HAL_DAC_MspInit	40	static
../Core/Src/stm32h7xx_hal_msp.c:262:6:HAL_DAC_MspDeInit	8	static
../Core/Src/stm32h7xx_hal_msp.c:290:6:HAL_SPI_MspInit	248	static
../Core/Src/stm32h7xx_hal_msp.c:347:6:HAL_SPI_MspDeInit	8	static
../Core/Src/stm32h7xx_hal_msp.c:379:6:HAL_TIM_Base_MspInit	16	static
../Core/Src/stm32h7xx_hal_msp.c:417:6:HAL_TIM_MspPostInit	40	static
../Core/Src/stm32h7xx_hal_msp.c:492:6:HAL_TIM_Base_MspDeInit	0	static
../Core/Src/stm32h7xx_hal_msp.c:536:6:HAL_UART_MspInit	256	static
../Core/Src/stm32h7xx_hal_msp.c:625:6:HAL_UART_MspDeInit	8	static
../Core/Src/stm32h7xx_hal_msp.c:674:6:HAL_PCD_MspInit	240	static
../Core/Src/stm32h7xx_hal_msp.c:732:6:HAL_PCD_MspDeInit	8	static
