../Core/Src/stm32h7xx_it.c:60:6:hard_fault_handler_c	32	static,ignoring_inline_asm
../Core/Src/stm32h7xx_it.c:83:6:NMI_Handler	0	static
../Core/Src/stm32h7xx_it.c:98:6:HardFault_Handler	0	static,ignoring_inline_asm
../Core/Src/stm32h7xx_it.c:119:6:MemManage_Handler	0	static,ignoring_inline_asm
../Core/Src/stm32h7xx_it.c:134:6:BusFault_Handler	0	static,ignoring_inline_asm
../Core/Src/stm32h7xx_it.c:149:6:UsageFault_Handler	0	static,ignoring_inline_asm
../Core/Src/stm32h7xx_it.c:164:6:SVC_Handler	0	static,ignoring_inline_asm
../Core/Src/stm32h7xx_it.c:177:6:DebugMon_Handler	0	static,ignoring_inline_asm
../Core/Src/stm32h7xx_it.c:190:6:PendSV_Handler	0	static,ignoring_inline_asm
../Core/Src/stm32h7xx_it.c:203:6:SysTick_Handler	8	static
../Core/Src/stm32h7xx_it.c:224:6:DMA1_Stream0_IRQHandler	8	static
