../Core/Src/motors/StepperDriver.hpp:49:9:StepperDriver::StepperDriver(TIM_HandleTypeDef*, TIM_HandleTypeDef*, float, float, uint32_t, uint32_t, uint32_t, uint32_t)	16	static
../Core/Src/motors/StepperDriver.hpp:232:14:void StepperDriver::disable()	8	static
../Core/Src/motors/StepperDriver.hpp:418:14:void StepperDriver::handle_status(uint32_t)	136	static
../Core/Src/motors/StepperDriver.hpp:146:14:void StepperDriver::enable()	32	static
../Core/Src/motors/StepperDriver.hpp:438:14:void StepperDriver::set_dutycycles(float, float, float, float)	0	static
../Core/Src/motors/StepperMotor.hpp:347:11:float StepperMotor::normalize_radians(float)	16	static
../Core/Src/motors/StepperMotor.cpp:246:6:void StepperMotor::disable()	8	static
../Core/Src/motors/StepperMotor.cpp:256:6:void StepperMotor::enable()	8	static
../Core/Src/motors/StepperMotor.cpp:216:6:void StepperMotor::init()	8	static
../Core/Src/motors/StepperMotor.cpp:264:7:float StepperMotor::resistance(float)	0	static
../Core/Src/motors/StepperMotor.cpp:295:7:float StepperMotor::inductance(float)	0	static
../Core/Src/motors/StepperMotor.cpp:328:7:float StepperMotor::smooth_voltage_adjustment(float, float, float, float)	0	static
../Core/Src/motors/StepperMotor.cpp:339:7:float StepperMotor::calculate_smoothing_rate(float)	0	static
../Core/Src/motors/StepperMotor.cpp:1341:6:void sincos(float, float*, float*)	24	static
../Core/Src/motors/StepperMotor.cpp:1351:6:void StepperMotor::clarkeTransform(float, float, float&, float&)	0	static
../Core/Src/motors/StepperMotor.cpp:1361:6:void StepperMotor::parkTransform(float, float, float, float&, float&)	40	static
../Core/Src/motors/StepperMotor.cpp:1371:6:void StepperMotor::transformCurrents(float, float, float, float&, float&)	32	static
../Core/Src/motors/StepperMotor.cpp:1395:6:void StepperMotor::compute_inverse_park_transform(float, float, float)	24	static
../Core/Src/motors/StepperMotor.cpp:1517:7:float StepperMotor::get_filtered_shaft_angle()	8	static
../Core/Src/motors/StepperMotor.cpp:1535:7:float StepperMotor::shaft_radians_per_second()	8	static
../Core/Src/motors/StepperMotor.cpp:1546:7:float StepperMotor::get_electric_angle_radians()	8	static
../Core/Src/motors/../../Inc/clamp.hpp:13:3:T symetric_clamp(T, T) [with T = float]	0	static
../Core/Src/motors/StepperDriver.hpp:270:14:void StepperDriver::set_pwm_duty_cycle(float, float, float, float, float, float)	40	static
../Core/Src/motors/StepperMotor.cpp:1435:6:void StepperMotor::setPhaseVoltage(float, float, float)	8	static
../Core/Src/motors/StepperMotor.cpp:402:6:bool StepperMotor::determine_sensor_direction()	24	static
../Core/Src/motors/StepperMotor.cpp:480:6:bool StepperMotor::alignSensor()	8	static
../Core/Src/motors/StepperMotor.cpp:364:7:bool StepperMotor::initFOC()	16	static
../Core/Src/motors/StepperMotor.cpp:608:6:bool StepperMotor::absoluteZeroSearch()	16	static
../Core/Src/motors/StepperMotor.cpp:878:6:void StepperMotor::update_torque_open_loop(float, float, float)	24	static
../Core/Src/motors/StepperMotor.cpp:758:6:void StepperMotor::move(float)	16	static
../Core/Src/motors/StepperMotor.cpp:1003:6:void StepperMotor::update_speed_closed_loop(float, float)	40	static
../Core/Src/motors/StepperMotor.cpp:1134:6:void StepperMotor::update_position_closed_loop(float, float)	32	static
../Core/Src/motors/StepperMotor.cpp:1212:6:void StepperMotor::update_position_open_loop(float, float)	40	static
../Core/Src/motors/StepperMotor.cpp:1282:6:void StepperMotor::update_speed_open_loop(float, float)	32	static
../Core/Src/motors/StepperMotor.cpp:1460:7:float StepperMotor::angleOpenloop(float)	24	static
../Core/Src/motors/StepperMotor.cpp:1563:6:void StepperMotor::rotorFieldAlignment(double)	296	static
C:/ST/STM32CubeIDE_1.16.0/STM32CubeIDE/plugins/com.st.stm32cube.ide.mcu.externaltools.gnu-tools-for-stm32.12.3.rel1.win32_1.0.200.202406191623/tools/arm-none-eabi/include/c++/12.3.1/bits/stl_deque.h:370:7:std::_Deque_iterator<float, float&, float*>::difference_type std::operator-(const _Deque_iterator<float, float&, float*>::_Self&, const _Deque_iterator<float, float&, float*>::_Self&)	0	static
C:/ST/STM32CubeIDE_1.16.0/STM32CubeIDE/plugins/com.st.stm32cube.ide.mcu.externaltools.gnu-tools-for-stm32.12.3.rel1.win32_1.0.200.202406191623/tools/arm-none-eabi/include/c++/12.3.1/bits/deque.tcc:576:10:void std::deque<_Tp, _Alloc>::_M_pop_front_aux() [with _Tp = float; _Alloc = std::allocator<float>]	8	static
C:/ST/STM32CubeIDE_1.16.0/STM32CubeIDE/plugins/com.st.stm32cube.ide.mcu.externaltools.gnu-tools-for-stm32.12.3.rel1.win32_1.0.200.202406191623/tools/arm-none-eabi/include/c++/12.3.1/bits/stl_deque.h:1574:7:void std::deque<_Tp, _Alloc>::pop_front() [with _Tp = float; _Alloc = std::allocator<float>]	8	static
C:/ST/STM32CubeIDE_1.16.0/STM32CubeIDE/plugins/com.st.stm32cube.ide.mcu.externaltools.gnu-tools-for-stm32.12.3.rel1.win32_1.0.200.202406191623/tools/arm-none-eabi/include/c++/12.3.1/bits/stl_deque.h:210:7:std::_Deque_iterator<_Tp, _Ref, _Ptr>::_Self& std::_Deque_iterator<_Tp, _Ref, _Ptr>::operator--() [with _Tp = float; _Ref = float&; _Ptr = float*]	0	static
C:/ST/STM32CubeIDE_1.16.0/STM32CubeIDE/plugins/com.st.stm32cube.ide.mcu.externaltools.gnu-tools-for-stm32.12.3.rel1.win32_1.0.200.202406191623/tools/arm-none-eabi/include/c++/12.3.1/bits/stl_deque.h:1468:7:std::deque<_Tp, _Alloc>::reference std::deque<_Tp, _Alloc>::back() [with _Tp = float; _Alloc = std::allocator<float>]	24	static
C:/ST/STM32CubeIDE_1.16.0/STM32CubeIDE/plugins/com.st.stm32cube.ide.mcu.externaltools.gnu-tools-for-stm32.12.3.rel1.win32_1.0.200.202406191623/tools/arm-none-eabi/include/c++/12.3.1/bits/new_allocator.h:112:7:_Tp* std::__new_allocator<_Tp>::allocate(size_type, const void*) [with _Tp = float*]	8	static
C:/ST/STM32CubeIDE_1.16.0/STM32CubeIDE/plugins/com.st.stm32cube.ide.mcu.externaltools.gnu-tools-for-stm32.12.3.rel1.win32_1.0.200.202406191623/tools/arm-none-eabi/include/c++/12.3.1/bits/new_allocator.h:112:7:_Tp* std::__new_allocator<_Tp>::allocate(size_type, const void*) [with _Tp = float]	8	static
C:/ST/STM32CubeIDE_1.16.0/STM32CubeIDE/plugins/com.st.stm32cube.ide.mcu.externaltools.gnu-tools-for-stm32.12.3.rel1.win32_1.0.200.202406191623/tools/arm-none-eabi/include/c++/12.3.1/bits/stl_deque.h:677:5:void std::_Deque_base<_Tp, _Alloc>::_M_create_nodes(_Map_pointer, _Map_pointer) [with _Tp = float; _Alloc = std::allocator<float>]	16	static
C:/ST/STM32CubeIDE_1.16.0/STM32CubeIDE/plugins/com.st.stm32cube.ide.mcu.externaltools.gnu-tools-for-stm32.12.3.rel1.win32_1.0.200.202406191623/tools/arm-none-eabi/include/c++/12.3.1/bits/stl_deque.h:638:5:void std::_Deque_base<_Tp, _Alloc>::_M_initialize_map(std::size_t) [with _Tp = float; _Alloc = std::allocator<float>]	48	static
C:/ST/STM32CubeIDE_1.16.0/STM32CubeIDE/plugins/com.st.stm32cube.ide.mcu.externaltools.gnu-tools-for-stm32.12.3.rel1.win32_1.0.200.202406191623/tools/arm-none-eabi/include/c++/12.3.1/bits/stl_deque.h:458:7:std::_Deque_base<_Tp, _Alloc>::_Deque_base() [with _Tp = float; _Alloc = std::allocator<float>]	8	static
../Core/Src/motors/StepperMotor.cpp:66:1:StepperMotor::StepperMotor(SPI_HandleTypeDef*, GPIO_TypeDef*, uint16_t, int, float, float, float, float, float, TIM_HandleTypeDef*, TIM_HandleTypeDef*, uint32_t, uint32_t, uint32_t, uint32_t)	64	static
C:/ST/STM32CubeIDE_1.16.0/STM32CubeIDE/plugins/com.st.stm32cube.ide.mcu.externaltools.gnu-tools-for-stm32.12.3.rel1.win32_1.0.200.202406191623/tools/arm-none-eabi/include/c++/12.3.1/bits/stl_algobase.h:611:5:_OI std::copy(_II, _II, _OI) [with _II = float**; _OI = float**]	16	static
C:/ST/STM32CubeIDE_1.16.0/STM32CubeIDE/plugins/com.st.stm32cube.ide.mcu.externaltools.gnu-tools-for-stm32.12.3.rel1.win32_1.0.200.202406191623/tools/arm-none-eabi/include/c++/12.3.1/bits/stl_algobase.h:731:2:static _Tp* std::__copy_move_backward<_IsMove, true, std::random_access_iterator_tag>::__copy_move_b(const _Tp*, const _Tp*, _Tp*) [with _Tp = float*; bool _IsMove = false]	16	static
C:/ST/STM32CubeIDE_1.16.0/STM32CubeIDE/plugins/com.st.stm32cube.ide.mcu.externaltools.gnu-tools-for-stm32.12.3.rel1.win32_1.0.200.202406191623/tools/arm-none-eabi/include/c++/12.3.1/bits/deque.tcc:931:5:void std::deque<_Tp, _Alloc>::_M_reallocate_map(size_type, bool) [with _Tp = float; _Alloc = std::allocator<float>]	48	static
C:/ST/STM32CubeIDE_1.16.0/STM32CubeIDE/plugins/com.st.stm32cube.ide.mcu.externaltools.gnu-tools-for-stm32.12.3.rel1.win32_1.0.200.202406191623/tools/arm-none-eabi/include/c++/12.3.1/bits/stl_deque.h:2168:7:void std::deque<_Tp, _Alloc>::_M_reserve_map_at_back(size_type) [with _Tp = float; _Alloc = std::allocator<float>]	8	static
C:/ST/STM32CubeIDE_1.16.0/STM32CubeIDE/plugins/com.st.stm32cube.ide.mcu.externaltools.gnu-tools-for-stm32.12.3.rel1.win32_1.0.200.202406191623/tools/arm-none-eabi/include/c++/12.3.1/bits/deque.tcc:484:7:) [with _Args = {float}; _Tp = float; _Alloc = std::allocator<float>]	16	static
C:/ST/STM32CubeIDE_1.16.0/STM32CubeIDE/plugins/com.st.stm32cube.ide.mcu.externaltools.gnu-tools-for-stm32.12.3.rel1.win32_1.0.200.202406191623/tools/arm-none-eabi/include/c++/12.3.1/bits/deque.tcc:164:7:) [with _Args = {float}; _Tp = float; _Alloc = std::allocator<float>]	8	static
../Core/Src/motors/StepperMotor.hpp:49:11:float OffsetEstimator::update(float)	56	static
../Core/Src/motors/StepperMotor.cpp:646:6:void StepperMotor::loopFOC(float, float)	32	static
